Component: ARM Compiler 5.06 update 1 (build 61) Tool: armlink [4d35a8]

==============================================================================

Section Cross References

    irq_handler.o(i.PIT0_IRQHandler) refers to mkv58_ftm.o(i.FTM_PwmDuty) for FTM_PwmDuty
    irq_handler.o(i.PIT0_IRQHandler) refers to mkv58_gpio.o(i.GPIO_Pin_Read) for GPIO_Pin_Read
    irq_handler.o(i.PIT0_IRQHandler) refers to pid.o(i.speed_output) for speed_output
    irq_handler.o(i.PIT0_IRQHandler) refers to system.o(i.Steer) for Steer
    irq_handler.o(i.PIT0_IRQHandler) refers to system.o(i.Speed_set_up) for Speed_set_up
    irq_handler.o(i.PIT0_IRQHandler) refers to system.o(i.OLED) for OLED
    irq_handler.o(i.PIT0_IRQHandler) refers to system_init.o(.bss) for Controlvar
    irq_handler.o(i.PIT0_IRQHandler) refers to irq_handler.o(.data) for count
    irq_handler.o(i.PIT0_IRQHandler) refers to pid.o(.data) for enc1
    main.o(i.main) refers to pin_mux.o(i.BOARD_InitPins) for BOARD_InitPins
    main.o(i.main) refers to clock_config.o(i.BOARD_BootClockRUN) for BOARD_BootClockRUN
    main.o(i.main) refers to board.o(i.BOARD_InitDebugConsole) for BOARD_InitDebugConsole
    main.o(i.main) refers to system.o(i.system_run) for system_run
    mkv58_gpio.o(i.GPIO_ExtiInit) refers to mkv58_gpio.o(.data) for PORTX
    mkv58_gpio.o(i.GPIO_Pin_Init) refers to mkv58_gpio.o(.data) for PORTX
    mkv58_gpio.o(i.GPIO_Pin_Read) refers to mkv58_gpio.o(.data) for GPIOX
    mkv58_gpio.o(i.GPIO_Pin_Reverse) refers to mkv58_gpio.o(.data) for GPIOX
    mkv58_gpio.o(i.GPIO_Pin_SetDir) refers to mkv58_gpio.o(.data) for GPIOX
    mkv58_gpio.o(i.GPIO_Pin_Write) refers to mkv58_gpio.o(.data) for GPIOX
    lq_12864.o(i.OLED_CLS) refers to lq_12864.o(i.OLED_WrCmd) for OLED_WrCmd
    lq_12864.o(i.OLED_CLS) refers to lq_12864.o(i.OLED_WrDat) for OLED_WrDat
    lq_12864.o(i.OLED_ClrDot) refers to lq_12864.o(i.OLED_Set_Pos) for OLED_Set_Pos
    lq_12864.o(i.OLED_ClrDot) refers to lq_12864.o(i.OLED_WrCmd) for OLED_WrCmd
    lq_12864.o(i.OLED_ClrDot) refers to lq_12864.o(i.OLED_WrDat) for OLED_WrDat
    lq_12864.o(i.OLED_Fill) refers to lq_12864.o(i.OLED_WrCmd) for OLED_WrCmd
    lq_12864.o(i.OLED_Fill) refers to lq_12864.o(i.OLED_WrDat) for OLED_WrDat
    lq_12864.o(i.OLED_Init) refers to lq_12864.o(i.PORT_SetPinMux) for PORT_SetPinMux
    lq_12864.o(i.OLED_Init) refers to fsl_gpio.o(i.GPIO_PinInit) for GPIO_PinInit
    lq_12864.o(i.OLED_Init) refers to lq_12864.o(i.OLED_DLY_ms) for OLED_DLY_ms
    lq_12864.o(i.OLED_Init) refers to lq_12864.o(i.OLED_WrCmd) for OLED_WrCmd
    lq_12864.o(i.OLED_Init) refers to lq_12864.o(i.OLED_Fill) for OLED_Fill
    lq_12864.o(i.OLED_Init) refers to lq_12864.o(i.OLED_Set_Pos) for OLED_Set_Pos
    lq_12864.o(i.OLED_Init) refers to lq_12864.o(.constdata) for .constdata
    lq_12864.o(i.OLED_P14x16Str) refers to lq_12864.o(i.OLED_Set_Pos) for OLED_Set_Pos
    lq_12864.o(i.OLED_P14x16Str) refers to lq_12864.o(i.OLED_WrDat) for OLED_WrDat
    lq_12864.o(i.OLED_P14x16Str) refers to lq_12864.o(.constdata) for F14x16_Idx
    lq_12864.o(i.OLED_P6x8Str) refers to lq_12864.o(i.OLED_Set_Pos) for OLED_Set_Pos
    lq_12864.o(i.OLED_P6x8Str) refers to lq_12864.o(i.OLED_WrDat) for OLED_WrDat
    lq_12864.o(i.OLED_P6x8Str) refers to lq_12864.o(.constdata) for F6x8
    lq_12864.o(i.OLED_P8x16Str) refers to lq_12864.o(i.OLED_Set_Pos) for OLED_Set_Pos
    lq_12864.o(i.OLED_P8x16Str) refers to lq_12864.o(i.OLED_WrDat) for OLED_WrDat
    lq_12864.o(i.OLED_P8x16Str) refers to lq_12864.o(.constdata) for F8X16
    lq_12864.o(i.OLED_Print) refers to lq_12864.o(i.OLED_P14x16Str) for OLED_P14x16Str
    lq_12864.o(i.OLED_Print) refers to lq_12864.o(i.OLED_P8x16Str) for OLED_P8x16Str
    lq_12864.o(i.OLED_PrintFloat) refers to lq_12864.o(i.OLED_P6x8Str) for OLED_P6x8Str
    lq_12864.o(i.OLED_PrintU16) refers to lq_12864.o(i.OLED_P6x8Str) for OLED_P6x8Str
    lq_12864.o(i.OLED_PutPixel) refers to lq_12864.o(i.OLED_Set_Pos) for OLED_Set_Pos
    lq_12864.o(i.OLED_PutPixel) refers to lq_12864.o(i.OLED_WrCmd) for OLED_WrCmd
    lq_12864.o(i.OLED_PutPixel) refers to lq_12864.o(i.OLED_WrDat) for OLED_WrDat
    lq_12864.o(i.OLED_Rectangle) refers to lq_12864.o(i.OLED_Set_Pos) for OLED_Set_Pos
    lq_12864.o(i.OLED_Rectangle) refers to lq_12864.o(i.OLED_WrDat) for OLED_WrDat
    lq_12864.o(i.OLED_Rectangle) refers to lq_12864.o(i.OLED_DLY_ms) for OLED_DLY_ms
    lq_12864.o(i.OLED_Set_Pos) refers to lq_12864.o(i.OLED_WrCmd) for OLED_WrCmd
    lq_12864.o(i.OLED_Show_BMP) refers to lq_12864.o(i.OLED_Set_Pos) for OLED_Set_Pos
    lq_12864.o(i.OLED_Show_BMP) refers to lq_12864.o(i.OLED_WrDat) for OLED_WrDat
    lq_12864.o(i.OLED_Show_Frame80) refers to lq_12864.o(i.OLED_Set_Pos) for OLED_Set_Pos
    lq_12864.o(i.OLED_Show_Frame80) refers to lq_12864.o(i.OLED_WrDat) for OLED_WrDat
    lq_12864.o(i.OLED_Show_Frame94) refers to lq_12864.o(i.OLED_Set_Pos) for OLED_Set_Pos
    lq_12864.o(i.OLED_Show_Frame94) refers to lq_12864.o(i.OLED_WrDat) for OLED_WrDat
[...]
    i.CLOCK_GetFreq                          0x10001460   Section        0  fsl_clock.o(i.CLOCK_GetFreq)
    i.CLOCK_GetInternalRefClkFreq            0x10001528   Section        0  fsl_clock.o(i.CLOCK_GetInternalRefClkFreq)
    i.CLOCK_GetInternalRefClkSelectFreq      0x10001544   Section        0  fsl_clock.o(i.CLOCK_GetInternalRefClkSelectFreq)
    CLOCK_GetInternalRefClkSelectFreq        0x10001545   Thumb Code    32  fsl_clock.o(i.CLOCK_GetInternalRefClkSelectFreq)
    i.CLOCK_GetMcgExtClkFreq                 0x10001570   Section        0  fsl_clock.o(i.CLOCK_GetMcgExtClkFreq)
    CLOCK_GetMcgExtClkFreq                   0x10001571   Thumb Code    26  fsl_clock.o(i.CLOCK_GetMcgExtClkFreq)
    i.CLOCK_GetOsc0ErClkDivFreq              0x100015c0   Section        0  fsl_clock.o(i.CLOCK_GetOsc0ErClkDivFreq)
    i.CLOCK_GetOsc0ErClkUndivFreq            0x1000162c   Section        0  fsl_clock.o(i.CLOCK_GetOsc0ErClkUndivFreq)
    i.CLOCK_GetOscRangeFromFreq              0x10001690   Section        0  fsl_clock.o(i.CLOCK_GetOscRangeFromFreq)
    CLOCK_GetOscRangeFromFreq                0x10001691   Thumb Code    28  fsl_clock.o(i.CLOCK_GetOscRangeFromFreq)
    i.CLOCK_GetOutClkFreq                    0x100016b0   Section        0  fsl_clock.o(i.CLOCK_GetOutClkFreq)
    i.CLOCK_GetPll0Freq                      0x100016ec   Section        0  fsl_clock.o(i.CLOCK_GetPll0Freq)
    i.CLOCK_GetPll0RefFreq                   0x10001768   Section        0  fsl_clock.o(i.CLOCK_GetPll0RefFreq)
    CLOCK_GetPll0RefFreq                     0x10001769   Thumb Code     8  fsl_clock.o(i.CLOCK_GetPll0RefFreq)
    i.CLOCK_GetPllFllSelClkFreq              0x10001770   Section        0  fsl_clock.o(i.CLOCK_GetPllFllSelClkFreq)
    i.CLOCK_InitOsc0                         0x1000179c   Section        0  fsl_clock.o(i.CLOCK_InitOsc0)
    i.CLOCK_SetExternalRefClkConfig          0x10001810   Section        0  fsl_clock.o(i.CLOCK_SetExternalRefClkConfig)
    i.CLOCK_SetInternalRefClkConfig          0x10001818   Section        0  fsl_clock.o(i.CLOCK_SetInternalRefClkConfig)
    i.CLOCK_SetPbeMode                       0x100018b0   Section        0  fsl_clock.o(i.CLOCK_SetPbeMode)
    i.CLOCK_SetSimConfig                     0x1000195c   Section        0  fsl_clock.o(i.CLOCK_SetSimConfig)
    i.ConvertRadixNumToString                0x1000198c   Section        0  fsl_str.o(i.ConvertRadixNumToString)
    ConvertRadixNumToString                  0x1000198d   Thumb Code   168  fsl_str.o(i.ConvertRadixNumToString)
    i.DMA0_DMA16_DriverIRQHandler            0x10001a34   Section        0  fsl_edma.o(i.DMA0_DMA16_DriverIRQHandler)
    i.DMA10_DMA26_DriverIRQHandler           0x10001a6c   Section        0  fsl_edma.o(i.DMA10_DMA26_DriverIRQHandler)
    i.DMA11_DMA27_DriverIRQHandler           0x10001aa4   Section        0  fsl_edma.o(i.DMA11_DMA27_DriverIRQHandler)
    i.DMA12_DMA28_DriverIRQHandler           0x10001adc   Section        0  fsl_edma.o(i.DMA12_DMA28_DriverIRQHandler)
    i.DMA13_DMA29_DriverIRQHandler           0x10001b14   Section        0  fsl_edma.o(i.DMA13_DMA29_DriverIRQHandler)
    i.DMA14_DMA30_DriverIRQHandler           0x10001b4c   Section        0  fsl_edma.o(i.DMA14_DMA30_DriverIRQHandler)
    i.DMA15_DMA31_DriverIRQHandler           0x10001b84   Section        0  fsl_edma.o(i.DMA15_DMA31_DriverIRQHandler)
    i.DMA1_DMA17_DriverIRQHandler            0x10001bbc   Section        0  fsl_edma.o(i.DMA1_DMA17_DriverIRQHandler)
    i.DMA2_DMA18_DriverIRQHandler            0x10001bf4   Section        0  fsl_edma.o(i.DMA2_DMA18_DriverIRQHandler)
    i.DMA3_DMA19_DriverIRQHandler            0x10001c2c   Section        0  fsl_edma.o(i.DMA3_DMA19_DriverIRQHandler)
    i.DMA4_DMA20_DriverIRQHandler            0x10001c64   Section        0  fsl_edma.o(i.DMA4_DMA20_DriverIRQHandler)
    i.DMA5_DMA21_DriverIRQHandler            0x10001c9c   Section        0  fsl_edma.o(i.DMA5_DMA21_DriverIRQHandler)
    i.DMA6_DMA22_DriverIRQHandler            0x10001cd4   Section        0  fsl_edma.o(i.DMA6_DMA22_DriverIRQHandler)
    i.DMA7_DMA23_DriverIRQHandler            0x10001d0c   Section        0  fsl_edma.o(i.DMA7_DMA23_DriverIRQHandler)
    i.DMA8_DMA24_DriverIRQHandler            0x10001d44   Section        0  fsl_edma.o(i.DMA8_DMA24_DriverIRQHandler)
    i.DMA9_DMA25_DriverIRQHandler            0x10001d7c   Section        0  fsl_edma.o(i.DMA9_DMA25_DriverIRQHandler)
    i.DSPI_CommonIRQHandler                  0x10001db4   Section        0  fsl_dspi.o(i.DSPI_CommonIRQHandler)
    DSPI_CommonIRQHandler                    0x10001db5   Thumb Code    38  fsl_dspi.o(i.DSPI_CommonIRQHandler)
    i.DSPI_IsMaster                          0x10001de4   Section        0  fsl_dspi.o(i.DSPI_IsMaster)
    DSPI_IsMaster                            0x10001de5   Thumb Code     8  fsl_dspi.o(i.DSPI_IsMaster)
    i.DbgConsole_Init                        0x10001dec   Section        0  fsl_debug_console.o(i.DbgConsole_Init)
    i.DbgConsole_PrintCallback               0x10001f14   Section        0  fsl_debug_console.o(i.DbgConsole_PrintCallback)
    DbgConsole_PrintCallback                 0x10001f15   Thumb Code    62  fsl_debug_console.o(i.DbgConsole_PrintCallback)
    i.DbgConsole_Printf                      0x10001f54   Section        0  fsl_debug_console.o(i.DbgConsole_Printf)
    i.DbgConsole_SendData                    0x10001f94   Section        0  fsl_debug_console.o(i.DbgConsole_SendData)
    i.EDMA_GetChannelStatusFlags             0x10002030   Section        0  fsl_edma.o(i.EDMA_GetChannelStatusFlags)
    i.EDMA_HandleIRQ                         0x100020c8   Section        0  fsl_edma.o(i.EDMA_HandleIRQ)
    i.ENET_1588_Timer_IRQHandler             0x100021d0   Section        0  fsl_enet.o(i.ENET_1588_Timer_IRQHandler)
    i.ENET_Error_IRQHandler                  0x100021ec   Section        0  fsl_enet.o(i.ENET_Error_IRQHandler)
    i.ENET_Receive_IRQHandler                0x10002208   Section        0  fsl_enet.o(i.ENET_Receive_IRQHandler)
    i.ENET_Transmit_IRQHandler               0x10002224   Section        0  fsl_enet.o(i.ENET_Transmit_IRQHandler)
    i.FTM_ABGet                              0x10002240   Section        0  mkv58_ftm.o(i.FTM_ABGet)
    i.FTM_ABInit                             0x1000224c   Section        0  mkv58_ftm.o(i.FTM_ABInit)
    i.FTM_GetNum                             0x10002290   Section        0  mkv58_ftm.o(i.FTM_GetNum)
    i.FTM_PinInit                            0x100022d0   Section        0  mkv58_ftm.o(i.FTM_PinInit)
    FTM_PinInit                              0x100022d1   Thumb Code   422  mkv58_ftm.o(i.FTM_PinInit)
    i.FTM_PwmDuty                            0x10002490   Section        0  mkv58_ftm.o(i.FTM_PwmDuty)
    i.FTM_PwmInit                            0x100024c4   Section        0  mkv58_ftm.o(i.FTM_PwmInit)
    i.GPIO_PinInit                           0x10002570   Section        0  fsl_gpio.o(i.GPIO_PinInit)
    i.GPIO_Pin_Init                          0x100025e4   Section        0  mkv58_gpio.o(i.GPIO_Pin_Init)
    i.GPIO_Pin_Read                          0x100026b4   Section        0  mkv58_gpio.o(i.GPIO_Pin_Read)
    i.GPIO_Pin_Write                         0x100026d0   Section        0  mkv58_gpio.o(i.GPIO_Pin_Write)
    i.HAL_UartGetStatus                      0x10002710   Section        0  uart_adapter.o(i.HAL_UartGetStatus)
    HAL_UartGetStatus                        0x10002711   Thumb Code    14  uart_adapter.o(i.HAL_UartGetStatus)
    i.HAL_UartInit                           0x10002720   Section        0  uart_adapter.o(i.HAL_UartInit)
    i.HAL_UartSendBlocking                   0x10002868   Section        0  uart_adapter.o(i.HAL_UartSendBlocking)
    i.I2C0_DriverIRQHandler                  0x10002908   Section        0  fsl_i2c.o(i.I2C0_DriverIRQHandler)
    i.I2C1_DriverIRQHandler                  0x10002920   Section        0  fsl_i2c.o(i.I2C1_DriverIRQHandler)
    i.I2C_TransferCommonIRQHandler           0x10002938   Section        0  fsl_i2c.o(i.I2C_TransferCommonIRQHandler)
    I2C_TransferCommonIRQHandler             0x10002939   Thumb Code    62  fsl_i2c.o(i.I2C_TransferCommonIRQHandler)
    i.OLED                                   0x10002980   Section        0  system.o(i.OLED)
    i.OLED_CLS                               0x10002af0   Section        0  lq_12864.o(i.OLED_CLS)
    i.OLED_DLY_ms                            0x10002b28   Section        0  lq_12864.o(i.OLED_DLY_ms)
    i.OLED_Fill                              0x10002b40   Section        0  lq_12864.o(i.OLED_Fill)
    i.OLED_Init                              0x10002b7c   Section        0  lq_12864.o(i.OLED_Init)
    i.OLED_P6x8Str                           0x10002cf0   Section        0  lq_12864.o(i.OLED_P6x8Str)
    i.OLED_P8x16Str                          0x10002d54   Section        0  lq_12864.o(i.OLED_P8x16Str)
    i.OLED_Set_Pos                           0x10002ddc   Section        0  lq_12864.o(i.OLED_Set_Pos)
    i.OLED_WrCmd                             0x10002e00   Section        0  lq_12864.o(i.OLED_WrCmd)
    i.OLED_WrDat                             0x10002e8c   Section        0  lq_12864.o(i.OLED_WrDat)
    i.PID_left                               0x10002f1c   Section        0  pid.o(i.PID_left)
    i.PID_right                              0x1000317c   Section        0  pid.o(i.PID_right)
    i.PIT0_IRQHandler                        0x100033e0   Section        0  irq_handler.o(i.PIT0_IRQHandler)
    i.PIT_Init                               0x100036a0   Section        0  mkv58_pit.o(i.PIT_Init)
    i.PORT_SetPinMux                         0x1000370c   Section        0  lq_12864.o(i.PORT_SetPinMux)
    PORT_SetPinMux                           0x1000370d   Thumb Code    14  lq_12864.o(i.PORT_SetPinMux)
    i.PORT_SetPinMux                         0x1000371a   Section        0  lq_uart.o(i.PORT_SetPinMux)
    PORT_SetPinMux                           0x1000371b   Thumb Code    14  lq_uart.o(i.PORT_SetPinMux)
    i.PORT_SetPinMux                         0x10003728   Section        0  pin_mux.o(i.PORT_SetPinMux)
    PORT_SetPinMux                           0x10003729   Thumb Code    14  pin_mux.o(i.PORT_SetPinMux)
    i.Roundabout                             0x10003738   Section        0  round.o(i.Roundabout)
    i.SCB_EnableDCache                       0x10003a44   Section        0  system_mkv58f24.o(i.SCB_EnableDCache)
    SCB_EnableDCache                         0x10003a45   Thumb Code   148  system_mkv58f24.o(i.SCB_EnableDCache)
    i.SCB_EnableICache                       0x10003ae0   Section        0  system_mkv58f24.o(i.SCB_EnableICache)
    SCB_EnableICache                         0x10003ae1   Thumb Code   116  system_mkv58f24.o(i.SCB_EnableICache)
    i.SPI0_DriverIRQHandler                  0x10003b5c   Section        0  fsl_dspi.o(i.SPI0_DriverIRQHandler)
    i.SPI1_DriverIRQHandler                  0x10003bbc   Section        0  fsl_dspi.o(i.SPI1_DriverIRQHandler)
    i.SPI2_DriverIRQHandler                  0x10003c1c   Section        0  fsl_dspi.o(i.SPI2_DriverIRQHandler)
    i.SerialManager_Init                     0x10003c7c   Section        0  serial_manager.o(i.SerialManager_Init)
    i.SerialManager_OpenReadHandle           0x10003d2c   Section        0  serial_manager.o(i.SerialManager_OpenReadHandle)
    i.SerialManager_OpenWriteHandle          0x10003dc8   Section        0  serial_manager.o(i.SerialManager_OpenWriteHandle)
    i.SerialManager_StartWriting             0x10003e60   Section        0  serial_manager.o(i.SerialManager_StartWriting)
    SerialManager_StartWriting               0x10003e61   Thumb Code    50  serial_manager.o(i.SerialManager_StartWriting)
    i.SerialManager_Write                    0x10003e94   Section        0  serial_manager.o(i.SerialManager_Write)
    SerialManager_Write                      0x10003e95   Thumb Code    96  serial_manager.o(i.SerialManager_Write)
    i.SerialManager_WriteBlocking            0x10003f54   Section        0  serial_manager.o(i.SerialManager_WriteBlocking)
    i.Serial_UartInit                        0x10003f68   Section        0  serial_port_uart.o(i.Serial_UartInit)
    i.Serial_UartWrite                       0x1000402c   Section        0  serial_port_uart.o(i.Serial_UartWrite)
    i.Speed_set_up                           0x100040d4   Section        0  system.o(i.Speed_set_up)
    i.Steer                                  0x10004228   Section        0  system.o(i.Steer)
    i.Steer_PD                               0x1000443c   Section        0  pid.o(i.Steer_PD)
    i.StrFormatPrintf                        0x10004504   Section        0  fsl_str.o(i.StrFormatPrintf)
    i.Straight                               0x10004734   Section        0  element.o(i.Straight)
    i.SystemInit                             0x10004798   Section        0  system_mkv58f24.o(i.SystemInit)
    i.SystemInitHook                         0x100047d0   Section        0  system_mkv58f24.o(i.SystemInitHook)
    i.UART0_DriverIRQHandler                 0x100047d4   Section        0  fsl_uart.o(i.UART0_DriverIRQHandler)
    i.UART0_RX_TX_DriverIRQHandler           0x100047f0   Section        0  fsl_uart.o(i.UART0_RX_TX_DriverIRQHandler)
    i.UART1_DriverIRQHandler                 0x100047f8   Section        0  fsl_uart.o(i.UART1_DriverIRQHandler)
    i.UART1_RX_TX_DriverIRQHandler           0x10004814   Section        0  fsl_uart.o(i.UART1_RX_TX_DriverIRQHandler)
    i.UART2_DriverIRQHandler                 0x1000481c   Section        0  fsl_uart.o(i.UART2_DriverIRQHandler)
    i.UART2_RX_TX_DriverIRQHandler           0x10004838   Section        0  fsl_uart.o(i.UART2_RX_TX_DriverIRQHandler)
    i.UART3_DriverIRQHandler                 0x10004840   Section        0  fsl_uart.o(i.UART3_DriverIRQHandler)
    i.UART3_RX_TX_DriverIRQHandler           0x1000485c   Section        0  fsl_uart.o(i.UART3_RX_TX_DriverIRQHandler)
    i.UART4_DriverIRQHandler                 0x10004864   Section        0  fsl_uart.o(i.UART4_DriverIRQHandler)
    i.UART4_Init                             0x10004880   Section        0  lq_uart.o(i.UART4_Init)
    i.UART4_RX_TX_DriverIRQHandler           0x1000499c   Section        0  fsl_uart.o(i.UART4_RX_TX_DriverIRQHandler)
    i.UART5_DriverIRQHandler                 0x100049a4   Section        0  fsl_uart.o(i.UART5_DriverIRQHandler)
    i.UART5_RX_TX_DriverIRQHandler           0x100049c0   Section        0  fsl_uart.o(i.UART5_RX_TX_DriverIRQHandler)
    i.UART_EnableInterrupts                  0x100049c8   Section        0  fsl_uart.o(i.UART_EnableInterrupts)
    i.UART_GetDefaultConfig                  0x100049f0   Section        0  fsl_uart.o(i.UART_GetDefaultConfig)
    i.UART_GetInstance                       0x10004a5c   Section        0  fsl_uart.o(i.UART_GetInstance)
    i.UART_Init                              0x10004ad4   Section        0  fsl_uart.o(i.UART_Init)
    i.UART_WriteBlocking                     0x10004d9c   Section        0  fsl_uart.o(i.UART_WriteBlocking)
    i.__0sprintf$6                           0x10004dbc   Section        0  printf6.o(i.__0sprintf$6)
    i.__aeabi_assert                         0x10004de4   Section        0  fsl_assert.o(i.__aeabi_assert)
    i.__scatterload_copy                     0x10004e28   Section       14  handlers.o(i.__scatterload_copy)
    i.__scatterload_null                     0x10004e36   Section        2  handlers.o(i.__scatterload_null)
    i.__scatterload_zeroinit                 0x10004e38   Section       14  handlers.o(i.__scatterload_zeroinit)
    i._printf_core                           0x10004e48   Section        0  printf6.o(i._printf_core)
    _printf_core                             0x10004e49   Thumb Code   748  printf6.o(i._printf_core)
    i._printf_post_padding                   0x10005138   Section        0  printf6.o(i._printf_post_padding)
    _printf_post_padding                     0x10005139   Thumb Code    36  printf6.o(i._printf_post_padding)
    i._printf_pre_padding                    0x1000515c   Section        0  printf6.o(i._printf_pre_padding)
    _printf_pre_padding                      0x1000515d   Thumb Code    46  printf6.o(i._printf_pre_padding)
    i._sputc                                 0x1000518a   Section        0  printf6.o(i._sputc)
    _sputc                                   0x1000518b   Thumb Code    10  printf6.o(i._sputc)
    i.data_init                              0x10005194   Section        0  system_init.o(i.data_init)
    i.delayms                                0x10005328   Section        0  delay.o(i.delayms)
    i.main                                   0x10005354   Section        0  main.o(i.main)
    i.speed_output                           0x10005390   Section        0  pid.o(i.speed_output)
    i.system_init                            0x10005564   Section        0  system_init.o(i.system_init)
    i.system_run                             0x10005740   Section        0  system.o(i.system_run)
    .constdata                               0x10005748   Section     3718  lq_12864.o(.constdata)
    .constdata                               0x100065d0   Section       56  clock_config.o(.constdata)
    .constdata                               0x10006608   Section       96  fsl_clock.o(.constdata)
    mcgModeMatrix                            0x10006608   Data          64  fsl_clock.o(.constdata)
    fllFactorTable                           0x10006648   Data          16  fsl_clock.o(.constdata)
    trimRange                                0x10006658   Data          16  fsl_clock.o(.constdata)
    .constdata                               0x10006668   Section       56  fsl_uart.o(.constdata)
    s_uartBases                              0x10006668   Data          24  fsl_uart.o(.constdata)
    s_uartIRQ                                0x10006680   Data           6  fsl_uart.o(.constdata)
    s_uartClock                              0x10006688   Data          24  fsl_uart.o(.constdata)
    .constdata                               0x100066a0   Section       16  fsl_debug_console.o(.constdata)
    .constdata                               0x100066b0   Section       24  uart_adapter.o(.constdata)
    s_UartAdapterBase                        0x100066b0   Data          24  uart_adapter.o(.constdata)
    .conststring                             0x100066c8   Section       69  uart_adapter.o(.conststring)
    .data                                    0x20000000   Section        4  irq_handler.o(.data)
    .data                                    0x20000004   Section       40  mkv58_gpio.o(.data)
    .data                                    0x2000002c   Section       12  zxl_adc.o(.data)
    .data                                    0x20000038   Section        4  pid.o(.data)
    .data                                    0x2000003c   Section        4  system_mkv58f24.o(.data)
    .data                                    0x20000040   Section       16  fsl_clock.o(.data)
    s_slowIrcFreq                            0x20000040   Data           4  fsl_clock.o(.data)
    s_fastIrcFreq                            0x20000044   Data           4  fsl_clock.o(.data)
    .data                                    0x20000050   Section       11  fsl_dspi.o(.data)
    s_dspiMasterIsr                          0x20000050   Data           4  fsl_dspi.o(.data)
    s_dspiSlaveIsr                           0x20000054   Data           4  fsl_dspi.o(.data)
    .data                                    0x2000005c   Section       20  fsl_enet.o(.data)
    s_ENETHandle                             0x2000005c   Data           4  fsl_enet.o(.data)
    s_enetTxIsr                              0x20000060   Data           4  fsl_enet.o(.data)
    s_enetRxIsr                              0x20000064   Data           4  fsl_enet.o(.data)
    s_enetErrIsr                             0x20000068   Data           4  fsl_enet.o(.data)
    s_enetTsIsr                              0x2000006c   Data           4  fsl_enet.o(.data)
    .data                                    0x20000070   Section        4  fsl_flexcan.o(.data)
    s_flexcanIsr                             0x20000070   Data           4  fsl_flexcan.o(.data)
    .data                                    0x20000074   Section       16  fsl_i2c.o(.data)
    s_i2cHandle                              0x20000074   Data           8  fsl_i2c.o(.data)
    s_i2cMasterIsr                           0x2000007c   Data           4  fsl_i2c.o(.data)
    s_i2cSlaveIsr                            0x20000080   Data           4  fsl_i2c.o(.data)
    .data                                    0x20000084   Section        4  fsl_uart.o(.data)
    s_uartIsr                                0x20000084   Data           4  fsl_uart.o(.data)
    .data                                    0x20000088   Section       16  fsl_debug_console.o(.data)
    s_debugConsoleReadWaitSemaphore          0x20000088   Data           1  fsl_debug_console.o(.data)
    .bss                                     0x20000098   Section      316  system_init.o(.bss)
    .bss                                     0x200001d4   Section       16  mkv58_ftm.o(.bss)
    ftm_period                               0x200001d4   Data          16  mkv58_ftm.o(.bss)
    .bss                                     0x200001e4   Section      164  zxl_adc.o(.bss)
    .bss                                     0x20000288   Section       12  fsl_dspi.o(.bss)
    g_dspiHandle                             0x20000288   Data          12  fsl_dspi.o(.bss)
    .bss                                     0x20000294   Section      128  fsl_edma.o(.bss)
    s_EDMAHandle                             0x20000294   Data         128  fsl_edma.o(.bss)
    .bss                                     0x20000314   Section       12  fsl_flexcan.o(.bss)
    s_flexcanHandle                          0x20000314   Data          12  fsl_flexcan.o(.bss)
    .bss                                     0x20000320   Section       24  fsl_uart.o(.bss)
    s_uartHandle                             0x20000320   Data          24  fsl_uart.o(.bss)
    .bss                                     0x20000338   Section       28  fsl_debug_console.o(.bss)
    s_debugConsoleState                      0x20000338   Data          28  fsl_debug_console.o(.bss)

    Global Symbols

    Symbol Name                              Value     Ov Type        Size  Object(Section)

    BuildAttributes$$THM_ISAv4$E$P$D$K$B$S$7EM$VFPi5$EXTD16$VFPS$VFMA$PE$PLD8$A:L22UL41UL21$X:L11$S22US41US21$IEEE1$IW$USESV6$~STKCKD$USESV7$~SHL$OSPACE$ROPI$EBA8$MICROLIB$REQ8$PRES8$EABIv2 0x00000000   Number         0  anon$$obj.o ABSOLUTE
    __ARM_use_no_argv                        0x00000000   Number         0  main.o ABSOLUTE
    _printf_a                                0x00000000   Number         0  stubs.o ABSOLUTE
    _printf_c                                0x00000000   Number         0  stubs.o ABSOLUTE
    _printf_charcount                        0x00000000   Number         0  stubs.o ABSOLUTE
    _printf_d                                0x00000000   Number         0  stubs.o ABSOLUTE
    _printf_e                                0x00000000   Number         0  stubs.o ABSOLUTE
    _printf_f                                0x00000000   Number         0  stubs.o ABSOLUTE
    _printf_flags                            0x00000000   Number         0  stubs.o ABSOLUTE
    _printf_fp_dec                           0x00000000   Number         0  stubs.o ABSOLUTE
    _printf_fp_hex                           0x00000000   Number         0  stubs.o ABSOLUTE
    _printf_g                                0x00000000   Number         0  stubs.o ABSOLUTE
    _printf_i                                0x00000000   Number         0  stubs.o ABSOLUTE
    _printf_int_dec                          0x00000000   Number         0  stubs.o ABSOLUTE
    _printf_l                                0x00000000   Number         0  stubs.o ABSOLUTE
    _printf_lc                               0x00000000   Number         0  stubs.o ABSOLUTE
    _printf_ll                               0x00000000   Number         0  stubs.o ABSOLUTE
    _printf_lld                              0x00000000   Number         0  stubs.o ABSOLUTE
    _printf_lli                              0x00000000   Number         0  stubs.o ABSOLUTE
    _printf_llo                              0x00000000   Number         0  stubs.o ABSOLUTE
    _printf_llu                              0x00000000   Number         0  stubs.o ABSOLUTE
    _printf_llx                              0x00000000   Number         0  stubs.o ABSOLUTE
    _printf_longlong_dec                     0x00000000   Number         0  stubs.o ABSOLUTE
    _printf_longlong_hex                     0x00000000   Number         0  stubs.o ABSOLUTE
    _printf_longlong_oct                     0x00000000   Number         0  stubs.o ABSOLUTE
    _printf_ls                               0x00000000   Number         0  stubs.o ABSOLUTE
    _printf_mbtowc                           0x00000000   Number         0  stubs.o ABSOLUTE
    _printf_n                                0x00000000   Number         0  stubs.o ABSOLUTE
    _printf_o                                0x00000000   Number         0  stubs.o ABSOLUTE
    _printf_p                                0x00000000   Number         0  stubs.o ABSOLUTE
    _printf_percent                          0x00000000   Number         0  stubs.o ABSOLUTE
    _printf_pre_padding                      0x00000000   Number         0  stubs.o ABSOLUTE
    _printf_return_value                     0x00000000   Number         0  stubs.o ABSOLUTE
    _printf_s                                0x00000000   Number         0  stubs.o ABSOLUTE
    _printf_sizespec                         0x00000000   Number         0  stubs.o ABSOLUTE
    _printf_str                              0x00000000   Number         0  stubs.o ABSOLUTE
    _printf_truncate_signed                  0x00000000   Number         0  stubs.o ABSOLUTE
    _printf_truncate_unsigned                0x00000000   Number         0  stubs.o ABSOLUTE
    _printf_u                                0x00000000   Number         0  stubs.o ABSOLUTE
    _printf_wc                               0x00000000   Number         0  stubs.o ABSOLUTE
    _printf_wctomb                           0x00000000   Number         0  stubs.o ABSOLUTE
    _printf_widthprec                        0x00000000   Number         0  stubs.o ABSOLUTE
    _printf_x                                0x00000000   Number         0  stubs.o ABSOLUTE
    __cpp_initialize__aeabi_                  - Undefined Weak Reference
    __cxa_finalize                            - Undefined Weak Reference
    __decompress                              - Undefined Weak Reference
    _clock_init                               - Undefined Weak Reference
    _microlib_exit                            - Undefined Weak Reference
    __Vectors_Size                           0x00000400   Number         0  startup_mkv58f24.o ABSOLUTE
    __Vectors                                0x10000000   Data           4  startup_mkv58f24.o(RESET)
    __Vectors_End                            0x10000400   Data           0  startup_mkv58f24.o(RESET)
    __main                                   0x10000411   Thumb Code     0  entry.o(.ARM.Collect$$$$00000000)
    _main_stk                                0x10000411   Thumb Code     0  entry4.o(.ARM.Collect$$$$00000003)
    _main_scatterload                        0x10000415   Thumb Code     0  entry5.o(.ARM.Collect$$$$00000004)
    __main_after_scatterload                 0x10000419   Thumb Code     0  entry5.o(.ARM.Collect$$$$00000004)
    _main_clock                              0x10000419   Thumb Code     0  entry7b.o(.ARM.Collect$$$$00000008)
    _main_cpp_init                           0x10000419   Thumb Code     0  entry8b.o(.ARM.Collect$$$$0000000A)
    _main_init                               0x10000419   Thumb Code     0  entry9a.o(.ARM.Collect$$$$0000000B)
    __rt_final_cpp                           0x10000421   Thumb Code     0  entry10a.o(.ARM.Collect$$$$0000000D)
    __rt_final_exit                          0x10000421   Thumb Code     0  entry11a.o(.ARM.Collect$$$$0000000F)
    Reset_Handler                            0x10000425   Thumb Code    24  startup_mkv58f24.o(.text)
    NMI_Handler                              0x1000043d   Thumb Code     2  startup_mkv58f24.o(.text)
    HardFault_Handler                        0x1000043f   Thumb Code     2  startup_mkv58f24.o(.text)
    MemManage_Handler                        0x10000441   Thumb Code     2  startup_mkv58f24.o(.text)
    BusFault_Handler                         0x10000443   Thumb Code     2  startup_mkv58f24.o(.text)
    UsageFault_Handler                       0x10000445   Thumb Code     2  startup_mkv58f24.o(.text)
    SVC_Handler                              0x10000447   Thumb Code     2  startup_mkv58f24.o(.text)
    DebugMon_Handler                         0x10000449   Thumb Code     2  startup_mkv58f24.o(.text)
    PendSV_Handler                           0x1000044b   Thumb Code     2  startup_mkv58f24.o(.text)
    SysTick_Handler                          0x1000044d   Thumb Code     2  startup_mkv58f24.o(.text)
    DMA0_DMA16_IRQHandler                    0x1000044f   Thumb Code     4  startup_mkv58f24.o(.text)
    DMA1_DMA17_IRQHandler                    0x10000453   Thumb Code     4  startup_mkv58f24.o(.text)
    DMA2_DMA18_IRQHandler                    0x10000457   Thumb Code     4  startup_mkv58f24.o(.text)
    DMA3_DMA19_IRQHandler                    0x1000045b   Thumb Code     4  startup_mkv58f24.o(.text)
    DMA4_DMA20_IRQHandler                    0x1000045f   Thumb Code     4  startup_mkv58f24.o(.text)
    DMA5_DMA21_IRQHandler                    0x10000463   Thumb Code     4  startup_mkv58f24.o(.text)
    DMA6_DMA22_IRQHandler                    0x10000467   Thumb Code     4  startup_mkv58f24.o(.text)
    DMA7_DMA23_IRQHandler                    0x1000046b   Thumb Code     4  startup_mkv58f24.o(.text)
    DMA8_DMA24_IRQHandler                    0x1000046f   Thumb Code     4  startup_mkv58f24.o(.text)
    DMA9_DMA25_IRQHandler                    0x10000473   Thumb Code     4  startup_mkv58f24.o(.text)
    DMA10_DMA26_IRQHandler                   0x10000477   Thumb Code     4  startup_mkv58f24.o(.text)
    DMA11_DMA27_IRQHandler                   0x1000047b   Thumb Code     4  startup_mkv58f24.o(.text)
    DMA12_DMA28_IRQHandler                   0x1000047f   Thumb Code     4  startup_mkv58f24.o(.text)
    DMA13_DMA29_IRQHandler                   0x10000483   Thumb Code     4  startup_mkv58f24.o(.text)
    DMA14_DMA30_IRQHandler                   0x10000487   Thumb Code     4  startup_mkv58f24.o(.text)
    DMA15_DMA31_IRQHandler                   0x1000048b   Thumb Code     4  startup_mkv58f24.o(.text)
    DMA_Error_IRQHandler                     0x1000048f   Thumb Code     4  startup_mkv58f24.o(.text)
    I2C0_IRQHandler                          0x10000493   Thumb Code     4  startup_mkv58f24.o(.text)
    I2C1_IRQHandler                          0x10000497   Thumb Code     4  startup_mkv58f24.o(.text)
    SPI0_IRQHandler                          0x1000049b   Thumb Code     4  startup_mkv58f24.o(.text)
    SPI1_IRQHandler                          0x1000049f   Thumb Code     4  startup_mkv58f24.o(.text)
    UART5_RX_TX_IRQHandler                   0x100004a3   Thumb Code     4  startup_mkv58f24.o(.text)
    UART5_ERR_IRQHandler                     0x100004a7   Thumb Code     4  startup_mkv58f24.o(.text)
    UART0_RX_TX_IRQHandler                   0x100004ab   Thumb Code     4  startup_mkv58f24.o(.text)
    UART0_ERR_IRQHandler                     0x100004af   Thumb Code     4  startup_mkv58f24.o(.text)
    UART1_RX_TX_IRQHandler                   0x100004b3   Thumb Code     4  startup_mkv58f24.o(.text)
    UART1_ERR_IRQHandler                     0x100004b7   Thumb Code     4  startup_mkv58f24.o(.text)
    UART2_RX_TX_IRQHandler                   0x100004bb   Thumb Code     4  startup_mkv58f24.o(.text)
    UART2_ERR_IRQHandler                     0x100004bf   Thumb Code     4  startup_mkv58f24.o(.text)
    UART3_RX_TX_IRQHandler                   0x100004c3   Thumb Code     4  startup_mkv58f24.o(.text)
    UART3_ERR_IRQHandler                     0x100004c7   Thumb Code     4  startup_mkv58f24.o(.text)
    UART4_RX_TX_IRQHandler                   0x100004cb   Thumb Code     4  startup_mkv58f24.o(.text)
    UART4_ERR_IRQHandler                     0x100004cf   Thumb Code     4  startup_mkv58f24.o(.text)
    SPI2_IRQHandler                          0x100004d3   Thumb Code     4  startup_mkv58f24.o(.text)
    CAN0_ORed_Message_buffer_IRQHandler      0x100004d7   Thumb Code     4  startup_mkv58f24.o(.text)
    CAN0_Bus_Off_IRQHandler                  0x100004db   Thumb Code     4  startup_mkv58f24.o(.text)
    CAN0_Error_IRQHandler                    0x100004df   Thumb Code     4  startup_mkv58f24.o(.text)
    CAN0_Tx_Warning_IRQHandler               0x100004e3   Thumb Code     4  startup_mkv58f24.o(.text)
    CAN0_Rx_Warning_IRQHandler               0x100004e7   Thumb Code     4  startup_mkv58f24.o(.text)
    CAN0_Wake_Up_IRQHandler                  0x100004eb   Thumb Code     4  startup_mkv58f24.o(.text)
    CAN1_ORed_Message_buffer_IRQHandler      0x100004ef   Thumb Code     4  startup_mkv58f24.o(.text)
    CAN1_Bus_Off_IRQHandler                  0x100004f3   Thumb Code     4  startup_mkv58f24.o(.text)
    CAN1_Error_IRQHandler                    0x100004f7   Thumb Code     4  startup_mkv58f24.o(.text)
    CAN1_Tx_Warning_IRQHandler               0x100004fb   Thumb Code     4  startup_mkv58f24.o(.text)
    CAN1_Rx_Warning_IRQHandler               0x100004ff   Thumb Code     4  startup_mkv58f24.o(.text)
    CAN1_Wake_Up_IRQHandler                  0x10000503   Thumb Code     4  startup_mkv58f24.o(.text)
    CAN2_ORed_Message_buffer_IRQHandler      0x10000517   Thumb Code     4  startup_mkv58f24.o(.text)
    CAN2_Bus_Off_IRQHandler                  0x1000051b   Thumb Code     4  startup_mkv58f24.o(.text)
    CAN2_Error_IRQHandler                    0x1000051f   Thumb Code     4  startup_mkv58f24.o(.text)
    CAN2_Tx_Warning_IRQHandler               0x10000523   Thumb Code     4  startup_mkv58f24.o(.text)
    CAN2_Rx_Warning_IRQHandler               0x10000527   Thumb Code     4  startup_mkv58f24.o(.text)
    CAN2_Wake_Up_IRQHandler                  0x1000052b   Thumb Code     4  startup_mkv58f24.o(.text)
    ADC0_IRQHandler                          0x1000052f   Thumb Code     0  startup_mkv58f24.o(.text)
    CMP0_IRQHandler                          0x1000052f   Thumb Code     0  startup_mkv58f24.o(.text)
    CMP1_IRQHandler                          0x1000052f   Thumb Code     0  startup_mkv58f24.o(.text)
    CMP2_IRQHandler                          0x1000052f   Thumb Code     0  startup_mkv58f24.o(.text)
    CMP3_IRQHandler                          0x1000052f   Thumb Code     0  startup_mkv58f24.o(.text)
    DAC0_IRQHandler                          0x1000052f   Thumb Code     0  startup_mkv58f24.o(.text)
    DMA_Error_DriverIRQHandler               0x1000052f   Thumb Code     0  startup_mkv58f24.o(.text)
    DefaultISR                               0x1000052f   Thumb Code     0  startup_mkv58f24.o(.text)
    ENC_COMPARE_IRQHandler                   0x1000052f   Thumb Code     0  startup_mkv58f24.o(.text)
    ENC_HOME_IRQHandler                      0x1000052f   Thumb Code     0  startup_mkv58f24.o(.text)
    ENC_INDEX_IRQHandler                     0x1000052f   Thumb Code     0  startup_mkv58f24.o(.text)
    ENC_WDOG_SAB_IRQHandler                  0x1000052f   Thumb Code     0  startup_mkv58f24.o(.text)
    ENET_1588_Timer_DriverIRQHandler         0x1000052f   Thumb Code     0  startup_mkv58f24.o(.text)
    ENET_Error_DriverIRQHandler              0x1000052f   Thumb Code     0  startup_mkv58f24.o(.text)
    ENET_Receive_DriverIRQHandler            0x1000052f   Thumb Code     0  startup_mkv58f24.o(.text)
    ENET_Transmit_DriverIRQHandler           0x1000052f   Thumb Code     0  startup_mkv58f24.o(.text)
    FTFE_IRQHandler                          0x1000052f   Thumb Code     0  startup_mkv58f24.o(.text)
    FTM0_IRQHandler                          0x1000052f   Thumb Code     0  startup_mkv58f24.o(.text)
    FTM1_IRQHandler                          0x1000052f   Thumb Code     0  startup_mkv58f24.o(.text)
    FTM2_IRQHandler                          0x1000052f   Thumb Code     0  startup_mkv58f24.o(.text)
    FTM3_IRQHandler                          0x1000052f   Thumb Code     0  startup_mkv58f24.o(.text)
    HSADC0_CCA_IRQHandler                    0x1000052f   Thumb Code     0  startup_mkv58f24.o(.text)
    HSADC0_CCB_IRQHandler                    0x1000052f   Thumb Code     0  startup_mkv58f24.o(.text)
    HSADC1_CCA_IRQHandler                    0x1000052f   Thumb Code     0  startup_mkv58f24.o(.text)
    HSADC1_CCB_IRQHandler                    0x1000052f   Thumb Code     0  startup_mkv58f24.o(.text)
    HSADC_ERR_IRQHandler                     0x1000052f   Thumb Code     0  startup_mkv58f24.o(.text)
    LLWU_IRQHandler                          0x1000052f   Thumb Code     0  startup_mkv58f24.o(.text)
    LPTMR0_IRQHandler                        0x1000052f   Thumb Code     0  startup_mkv58f24.o(.text)
    MCG_IRQHandler                           0x1000052f   Thumb Code     0  startup_mkv58f24.o(.text)
    MCM_IRQHandler                           0x1000052f   Thumb Code     0  startup_mkv58f24.o(.text)
    PDB0_IRQHandler                          0x1000052f   Thumb Code     0  startup_mkv58f24.o(.text)
    PDB1_IRQHandler                          0x1000052f   Thumb Code     0  startup_mkv58f24.o(.text)
    PIT1_IRQHandler                          0x1000052f   Thumb Code     0  startup_mkv58f24.o(.text)
    PIT2_IRQHandler                          0x1000052f   Thumb Code     0  startup_mkv58f24.o(.text)
    PIT3_IRQHandler                          0x1000052f   Thumb Code     0  startup_mkv58f24.o(.text)
    PMC_IRQHandler                           0x1000052f   Thumb Code     0  startup_mkv58f24.o(.text)
    PORTA_IRQHandler                         0x1000052f   Thumb Code     0  startup_mkv58f24.o(.text)
    PORTB_IRQHandler                         0x1000052f   Thumb Code     0  startup_mkv58f24.o(.text)
    PORTC_IRQHandler                         0x1000052f   Thumb Code     0  startup_mkv58f24.o(.text)
    PORTD_IRQHandler                         0x1000052f   Thumb Code     0  startup_mkv58f24.o(.text)
    PORTE_IRQHandler                         0x1000052f   Thumb Code     0  startup_mkv58f24.o(.text)
    PWM0_CAP_IRQHandler                      0x1000052f   Thumb Code     0  startup_mkv58f24.o(.text)
    PWM0_CMP0_IRQHandler                     0x1000052f   Thumb Code     0  startup_mkv58f24.o(.text)
    PWM0_CMP1_IRQHandler                     0x1000052f   Thumb Code     0  startup_mkv58f24.o(.text)
    PWM0_CMP2_IRQHandler                     0x1000052f   Thumb Code     0  startup_mkv58f24.o(.text)
    PWM0_CMP3_IRQHandler                     0x1000052f   Thumb Code     0  startup_mkv58f24.o(.text)
    PWM0_FAULT_IRQHandler                    0x1000052f   Thumb Code     0  startup_mkv58f24.o(.text)
    PWM0_RELOAD0_IRQHandler                  0x1000052f   Thumb Code     0  startup_mkv58f24.o(.text)
    PWM0_RELOAD1_IRQHandler                  0x1000052f   Thumb Code     0  startup_mkv58f24.o(.text)
    PWM0_RELOAD2_IRQHandler                  0x1000052f   Thumb Code     0  startup_mkv58f24.o(.text)
    PWM0_RELOAD3_IRQHandler                  0x1000052f   Thumb Code     0  startup_mkv58f24.o(.text)
    PWM0_RERR_IRQHandler                     0x1000052f   Thumb Code     0  startup_mkv58f24.o(.text)
    PWM1_CAP_IRQHandler                      0x1000052f   Thumb Code     0  startup_mkv58f24.o(.text)
    PWM1_CMP0_IRQHandler                     0x1000052f   Thumb Code     0  startup_mkv58f24.o(.text)
    PWM1_CMP1_IRQHandler                     0x1000052f   Thumb Code     0  startup_mkv58f24.o(.text)
    PWM1_CMP2_IRQHandler                     0x1000052f   Thumb Code     0  startup_mkv58f24.o(.text)
    PWM1_CMP3_IRQHandler                     0x1000052f   Thumb Code     0  startup_mkv58f24.o(.text)
    PWM1_FAULT_IRQHandler                    0x1000052f   Thumb Code     0  startup_mkv58f24.o(.text)
    PWM1_RELOAD0_IRQHandler                  0x1000052f   Thumb Code     0  startup_mkv58f24.o(.text)
    PWM1_RELOAD1_IRQHandler                  0x1000052f   Thumb Code     0  startup_mkv58f24.o(.text)
    PWM1_RELOAD2_IRQHandler                  0x1000052f   Thumb Code     0  startup_mkv58f24.o(.text)
    PWM1_RELOAD3_IRQHandler                  0x1000052f   Thumb Code     0  startup_mkv58f24.o(.text)
    PWM1_RERR_IRQHandler                     0x1000052f   Thumb Code     0  startup_mkv58f24.o(.text)
    Read_Collision_IRQHandler                0x1000052f   Thumb Code     0  startup_mkv58f24.o(.text)
    Reserved46_IRQHandler                    0x1000052f   Thumb Code     0  startup_mkv58f24.o(.text)
    Reserved88_IRQHandler                    0x1000052f   Thumb Code     0  startup_mkv58f24.o(.text)
    SWI_IRQHandler                           0x1000052f   Thumb Code     0  startup_mkv58f24.o(.text)
    TRNG0_IRQHandler                         0x1000052f   Thumb Code     0  startup_mkv58f24.o(.text)
    UART0_ERR_DriverIRQHandler               0x1000052f   Thumb Code     0  startup_mkv58f24.o(.text)
    UART1_ERR_DriverIRQHandler               0x1000052f   Thumb Code     0  startup_mkv58f24.o(.text)
    UART2_ERR_DriverIRQHandler               0x1000052f   Thumb Code     0  startup_mkv58f24.o(.text)
    UART3_ERR_DriverIRQHandler               0x1000052f   Thumb Code     0  startup_mkv58f24.o(.text)
    UART4_ERR_DriverIRQHandler               0x1000052f   Thumb Code     0  startup_mkv58f24.o(.text)
    UART5_ERR_DriverIRQHandler               0x1000052f   Thumb Code     0  startup_mkv58f24.o(.text)
    WDOG_EWM_IRQHandler                      0x1000052f   Thumb Code     0  startup_mkv58f24.o(.text)
    XBARA_IRQHandler                         0x1000052f   Thumb Code     0  startup_mkv58f24.o(.text)
    __aeabi_memset                           0x10000629   Thumb Code    14  memseta.o(.text)
    __aeabi_memset4                          0x10000629   Thumb Code     0  memseta.o(.text)
    __aeabi_memset8                          0x10000629   Thumb Code     0  memseta.o(.text)
    __aeabi_memclr                           0x10000637   Thumb Code     4  memseta.o(.text)
    __aeabi_memclr4                          0x10000637   Thumb Code     0  memseta.o(.text)
    __aeabi_memclr8                          0x10000637   Thumb Code     0  memseta.o(.text)
    _memset$wrapper                          0x1000063b   Thumb Code    18  memseta.o(.text)
    strlen                                   0x1000064d   Thumb Code    14  strlen.o(.text)
    __aeabi_dadd                             0x1000065b   Thumb Code   322  dadd.o(.text)
    __aeabi_dsub                             0x1000079d   Thumb Code     6  dadd.o(.text)
    __aeabi_drsub                            0x100007a3   Thumb Code     6  dadd.o(.text)
    __aeabi_dmul                             0x100007a9   Thumb Code   228  dmul.o(.text)
    __aeabi_i2d                              0x1000088d   Thumb Code    34  dflti.o(.text)
    __aeabi_d2iz                             0x100008af   Thumb Code    62  dfixi.o(.text)
    __aeabi_uidiv                            0x100008ed   Thumb Code     0  uidiv.o(.text)
    __aeabi_uidivmod                         0x100008ed   Thumb Code    44  uidiv.o(.text)
    __aeabi_llsl                             0x10000919   Thumb Code    30  llshl.o(.text)
    _ll_shift_l                              0x10000919   Thumb Code     0  llshl.o(.text)
    __aeabi_llsr                             0x10000937   Thumb Code    32  llushr.o(.text)
    _ll_ushift_r                             0x10000937   Thumb Code     0  llushr.o(.text)
    __aeabi_lasr                             0x10000957   Thumb Code    36  llsshr.o(.text)
    _ll_sshift_r                             0x10000957   Thumb Code     0  llsshr.o(.text)
    __I$use$fp                               0x1000097b   Thumb Code     0  iusefp.o(.text)
    _double_round                            0x1000097b   Thumb Code    30  depilogue.o(.text)
    _double_epilogue                         0x10000999   Thumb Code   156  depilogue.o(.text)
    __scatterload                            0x10000a35   Thumb Code    28  init.o(.text)
    __scatterload_rt2                        0x10000a35   Thumb Code     0  init.o(.text)
    ADC_Ave                                  0x10000a59   Thumb Code    44  mkv58_adc.o(i.ADC_Ave)
    ADC_Init                                 0x10000a85   Thumb Code    30  mkv58_adc.o(i.ADC_Init)
    ADC_Mid                                  0x10000aa9   Thumb Code    72  mkv58_adc.o(i.ADC_Mid)
    ADC_Once                                 0x10000af1   Thumb Code    48  mkv58_adc.o(i.ADC_Once)
    ADC_Start                                0x10000b25   Thumb Code    30  mkv58_adc.o(i.ADC_Start)
    ADC_deal                                 0x10000b49   Thumb Code   646  zxl_adc.o(i.ADC_deal)
    ADC_get                                  0x10000dfd   Thumb Code   348  zxl_adc.o(i.ADC_get)
    BOARD_BootClockRUN                       0x10000f5d   Thumb Code   130  clock_config.o(i.BOARD_BootClockRUN)
    BOARD_InitDebugConsole                   0x10000ffd   Thumb Code    24  board.o(i.BOARD_InitDebugConsole)
    BOARD_InitPins                           0x10001015   Thumb Code    62  pin_mux.o(i.BOARD_InitPins)
    CAN0_DriverIRQHandler                    0x1000105d   Thumb Code    36  fsl_flexcan.o(i.CAN0_DriverIRQHandler)
    CAN1_DriverIRQHandler                    0x100010c5   Thumb Code    36  fsl_flexcan.o(i.CAN1_DriverIRQHandler)
    CAN2_DriverIRQHandler                    0x1000112d   Thumb Code    36  fsl_flexcan.o(i.CAN2_DriverIRQHandler)
    CLOCK_BootToPeeMode                      0x10001195   Thumb Code    68  fsl_clock.o(i.CLOCK_BootToPeeMode)
    CLOCK_EnablePll0                         0x10001285   Thumb Code    78  fsl_clock.o(i.CLOCK_EnablePll0)
    CLOCK_GetBusClkFreq                      0x10001305   Thumb Code    22  fsl_clock.o(i.CLOCK_GetBusClkFreq)
    CLOCK_GetEr32kClkFreq                    0x10001321   Thumb Code    56  fsl_clock.o(i.CLOCK_GetEr32kClkFreq)
    CLOCK_GetFastPeriphClkFreq               0x1000135d   Thumb Code    22  fsl_clock.o(i.CLOCK_GetFastPeriphClkFreq)
    CLOCK_GetFixedFreqClkFreq                0x10001379   Thumb Code    28  fsl_clock.o(i.CLOCK_GetFixedFreqClkFreq)
    CLOCK_GetFllFreq                         0x100013f5   Thumb Code    66  fsl_clock.o(i.CLOCK_GetFllFreq)
    CLOCK_GetFreq                            0x10001461   Thumb Code   194  fsl_clock.o(i.CLOCK_GetFreq)
    CLOCK_GetInternalRefClkFreq              0x10001529   Thumb Code    22  fsl_clock.o(i.CLOCK_GetInternalRefClkFreq)
    CLOCK_GetOsc0ErClkDivFreq                0x100015c1   Thumb Code    50  fsl_clock.o(i.CLOCK_GetOsc0ErClkDivFreq)
    CLOCK_GetOsc0ErClkUndivFreq              0x1000162d   Thumb Code    42  fsl_clock.o(i.CLOCK_GetOsc0ErClkUndivFreq)
    CLOCK_GetOutClkFreq                      0x100016b1   Thumb Code    56  fsl_clock.o(i.CLOCK_GetOutClkFreq)
    CLOCK_GetPll0Freq                        0x100016ed   Thumb Code    70  fsl_clock.o(i.CLOCK_GetPll0Freq)
    CLOCK_GetPllFllSelClkFreq                0x10001771   Thumb Code    38  fsl_clock.o(i.CLOCK_GetPllFllSelClkFreq)
    CLOCK_InitOsc0                           0x1000179d   Thumb Code   108  fsl_clock.o(i.CLOCK_InitOsc0)
    CLOCK_SetExternalRefClkConfig            0x10001811   Thumb Code     6  fsl_clock.o(i.CLOCK_SetExternalRefClkConfig)
    CLOCK_SetInternalRefClkConfig            0x10001819   Thumb Code   148  fsl_clock.o(i.CLOCK_SetInternalRefClkConfig)
    CLOCK_SetPbeMode                         0x100018b1   Thumb Code   124  fsl_clock.o(i.CLOCK_SetPbeMode)
    CLOCK_SetSimConfig                       0x1000195d   Thumb Code    38  fsl_clock.o(i.CLOCK_SetSimConfig)
    DMA0_DMA16_DriverIRQHandler              0x10001a35   Thumb Code    48  fsl_edma.o(i.DMA0_DMA16_DriverIRQHandler)
    DMA10_DMA26_DriverIRQHandler             0x10001a6d   Thumb Code    48  fsl_edma.o(i.DMA10_DMA26_DriverIRQHandler)
    DMA11_DMA27_DriverIRQHandler             0x10001aa5   Thumb Code    48  fsl_edma.o(i.DMA11_DMA27_DriverIRQHandler)
    DMA12_DMA28_DriverIRQHandler             0x10001add   Thumb Code    48  fsl_edma.o(i.DMA12_DMA28_DriverIRQHandler)
    DMA13_DMA29_DriverIRQHandler             0x10001b15   Thumb Code    48  fsl_edma.o(i.DMA13_DMA29_DriverIRQHandler)
    DMA14_DMA30_DriverIRQHandler             0x10001b4d   Thumb Code    48  fsl_edma.o(i.DMA14_DMA30_DriverIRQHandler)
    DMA15_DMA31_DriverIRQHandler             0x10001b85   Thumb Code    48  fsl_edma.o(i.DMA15_DMA31_DriverIRQHandler)
    DMA1_DMA17_DriverIRQHandler              0x10001bbd   Thumb Code    48  fsl_edma.o(i.DMA1_DMA17_DriverIRQHandler)
    DMA2_DMA18_DriverIRQHandler              0x10001bf5   Thumb Code    48  fsl_edma.o(i.DMA2_DMA18_DriverIRQHandler)
    DMA3_DMA19_DriverIRQHandler              0x10001c2d   Thumb Code    48  fsl_edma.o(i.DMA3_DMA19_DriverIRQHandler)
    DMA4_DMA20_DriverIRQHandler              0x10001c65   Thumb Code    48  fsl_edma.o(i.DMA4_DMA20_DriverIRQHandler)
    DMA5_DMA21_DriverIRQHandler              0x10001c9d   Thumb Code    48  fsl_edma.o(i.DMA5_DMA21_DriverIRQHandler)
    DMA6_DMA22_DriverIRQHandler              0x10001cd5   Thumb Code    48  fsl_edma.o(i.DMA6_DMA22_DriverIRQHandler)
    DMA7_DMA23_DriverIRQHandler              0x10001d0d   Thumb Code    48  fsl_edma.o(i.DMA7_DMA23_DriverIRQHandler)
    DMA8_DMA24_DriverIRQHandler              0x10001d45   Thumb Code    48  fsl_edma.o(i.DMA8_DMA24_DriverIRQHandler)
    DMA9_DMA25_DriverIRQHandler              0x10001d7d   Thumb Code    48  fsl_edma.o(i.DMA9_DMA25_DriverIRQHandler)
    DbgConsole_Init                          0x10001ded   Thumb Code   182  fsl_debug_console.o(i.DbgConsole_Init)
    DbgConsole_Printf                        0x10001f55   Thumb Code    60  fsl_debug_console.o(i.DbgConsole_Printf)
    DbgConsole_SendData                      0x10001f95   Thumb Code    66  fsl_debug_console.o(i.DbgConsole_SendData)
    EDMA_GetChannelStatusFlags               0x10002031   Thumb Code    70  fsl_edma.o(i.EDMA_GetChannelStatusFlags)
    EDMA_HandleIRQ                           0x100020c9   Thumb Code   210  fsl_edma.o(i.EDMA_HandleIRQ)
    ENET_1588_Timer_IRQHandler               0x100021d1   Thumb Code    16  fsl_enet.o(i.ENET_1588_Timer_IRQHandler)
    ENET_Error_IRQHandler                    0x100021ed   Thumb Code    16  fsl_enet.o(i.ENET_Error_IRQHandler)
    ENET_Receive_IRQHandler                  0x10002209   Thumb Code    16  fsl_enet.o(i.ENET_Receive_IRQHandler)
    ENET_Transmit_IRQHandler                 0x10002225   Thumb Code    16  fsl_enet.o(i.ENET_Transmit_IRQHandler)
    FTM_ABGet                                0x10002241   Thumb Code    12  mkv58_ftm.o(i.FTM_ABGet)
    FTM_ABInit                               0x1000224d   Thumb Code    66  mkv58_ftm.o(i.FTM_ABInit)
    FTM_GetNum                               0x10002291   Thumb Code    46  mkv58_ftm.o(i.FTM_GetNum)
    FTM_PwmDuty                              0x10002491   Thumb Code    48  mkv58_ftm.o(i.FTM_PwmDuty)
    FTM_PwmInit                              0x100024c5   Thumb Code   168  mkv58_ftm.o(i.FTM_PwmInit)
    GPIO_PinInit                             0x10002571   Thumb Code    72  fsl_gpio.o(i.GPIO_PinInit)
    GPIO_Pin_Init                            0x100025e5   Thumb Code   196  mkv58_gpio.o(i.GPIO_Pin_Init)
    GPIO_Pin_Read                            0x100026b5   Thumb Code    24  mkv58_gpio.o(i.GPIO_Pin_Read)
    GPIO_Pin_Write                           0x100026d1   Thumb Code    60  mkv58_gpio.o(i.GPIO_Pin_Write)
    HAL_UartInit                             0x10002721   Thumb Code   220  uart_adapter.o(i.HAL_UartInit)
    HAL_UartSendBlocking                     0x10002869   Thumb Code    82  uart_adapter.o(i.HAL_UartSendBlocking)
    I2C0_DriverIRQHandler                    0x10002909   Thumb Code    14  fsl_i2c.o(i.I2C0_DriverIRQHandler)
    I2C1_DriverIRQHandler                    0x10002921   Thumb Code    14  fsl_i2c.o(i.I2C1_DriverIRQHandler)
    OLED                                     0x10002981   Thumb Code   260  system.o(i.OLED)
    OLED_CLS                                 0x10002af1   Thumb Code    56  lq_12864.o(i.OLED_CLS)
    OLED_DLY_ms                              0x10002b29   Thumb Code    24  lq_12864.o(i.OLED_DLY_ms)
    OLED_Fill                                0x10002b41   Thumb Code    58  lq_12864.o(i.OLED_Fill)
    OLED_Init                                0x10002b7d   Thumb Code   352  lq_12864.o(i.OLED_Init)
    OLED_P6x8Str                             0x10002cf1   Thumb Code    96  lq_12864.o(i.OLED_P6x8Str)
    OLED_P8x16Str                            0x10002d55   Thumb Code   130  lq_12864.o(i.OLED_P8x16Str)
    OLED_Set_Pos                             0x10002ddd   Thumb Code    36  lq_12864.o(i.OLED_Set_Pos)
    OLED_WrCmd                               0x10002e01   Thumb Code   136  lq_12864.o(i.OLED_WrCmd)
    OLED_WrDat                               0x10002e8d   Thumb Code   140  lq_12864.o(i.OLED_WrDat)
    PID_left                                 0x10002f1d   Thumb Code   562  pid.o(i.PID_left)
    PID_right                                0x1000317d   Thumb Code   566  pid.o(i.PID_right)
    PIT0_IRQHandler                          0x100033e1   Thumb Code   680  irq_handler.o(i.PIT0_IRQHandler)
    PIT_Init                                 0x100036a1   Thumb Code    94  mkv58_pit.o(i.PIT_Init)
    Roundabout                               0x10003739   Thumb Code   770  round.o(i.Roundabout)
    SPI0_DriverIRQHandler                    0x10003b5d   Thumb Code    34  fsl_dspi.o(i.SPI0_DriverIRQHandler)
    SPI1_DriverIRQHandler                    0x10003bbd   Thumb Code    34  fsl_dspi.o(i.SPI1_DriverIRQHandler)
    SPI2_DriverIRQHandler                    0x10003c1d   Thumb Code    34  fsl_dspi.o(i.SPI2_DriverIRQHandler)
    SerialManager_Init                       0x10003c7d   Thumb Code    90  serial_manager.o(i.SerialManager_Init)
    SerialManager_OpenReadHandle             0x10003d2d   Thumb Code    68  serial_manager.o(i.SerialManager_OpenReadHandle)
    SerialManager_OpenWriteHandle            0x10003dc9   Thumb Code    62  serial_manager.o(i.SerialManager_OpenWriteHandle)
    SerialManager_WriteBlocking              0x10003f55   Thumb Code    20  serial_manager.o(i.SerialManager_WriteBlocking)
    Serial_UartInit                          0x10003f69   Thumb Code   102  serial_port_uart.o(i.Serial_UartInit)
    Serial_UartWrite                         0x1000402d   Thumb Code    74  serial_port_uart.o(i.Serial_UartWrite)
    Speed_set_up                             0x100040d5   Thumb Code   324  system.o(i.Speed_set_up)
    Steer                                    0x10004229   Thumb Code   504  system.o(i.Steer)
    Steer_PD                                 0x1000443d   Thumb Code   182  pid.o(i.Steer_PD)
    StrFormatPrintf                          0x10004505   Thumb Code   558  fsl_str.o(i.StrFormatPrintf)
    Straight                                 0x10004735   Thumb Code    92  element.o(i.Straight)
    SystemInit                               0x10004799   Thumb Code    48  system_mkv58f24.o(i.SystemInit)
    SystemInitHook                           0x100047d1   Thumb Code     2  system_mkv58f24.o(i.SystemInitHook)
    UART0_DriverIRQHandler                   0x100047d5   Thumb Code    16  fsl_uart.o(i.UART0_DriverIRQHandler)
    UART0_RX_TX_DriverIRQHandler             0x100047f1   Thumb Code     8  fsl_uart.o(i.UART0_RX_TX_DriverIRQHandler)
    UART1_DriverIRQHandler                   0x100047f9   Thumb Code    16  fsl_uart.o(i.UART1_DriverIRQHandler)
    UART1_RX_TX_DriverIRQHandler             0x10004815   Thumb Code     8  fsl_uart.o(i.UART1_RX_TX_DriverIRQHandler)
    UART2_DriverIRQHandler                   0x1000481d   Thumb Code    16  fsl_uart.o(i.UART2_DriverIRQHandler)
    UART2_RX_TX_DriverIRQHandler             0x10004839   Thumb Code     8  fsl_uart.o(i.UART2_RX_TX_DriverIRQHandler)
    UART3_DriverIRQHandler                   0x10004841   Thumb Code    16  fsl_uart.o(i.UART3_DriverIRQHandler)
    UART3_RX_TX_DriverIRQHandler             0x1000485d   Thumb Code     8  fsl_uart.o(i.UART3_RX_TX_DriverIRQHandler)
    UART4_DriverIRQHandler                   0x10004865   Thumb Code    16  fsl_uart.o(i.UART4_DriverIRQHandler)
    UART4_Init                               0x10004881   Thumb Code   260  lq_uart.o(i.UART4_Init)
    UART4_RX_TX_DriverIRQHandler             0x1000499d   Thumb Code     8  fsl_uart.o(i.UART4_RX_TX_DriverIRQHandler)
    UART5_DriverIRQHandler                   0x100049a5   Thumb Code    16  fsl_uart.o(i.UART5_DriverIRQHandler)
    UART5_RX_TX_DriverIRQHandler             0x100049c1   Thumb Code     8  fsl_uart.o(i.UART5_RX_TX_DriverIRQHandler)
    UART_EnableInterrupts                    0x100049c9   Thumb Code    36  fsl_uart.o(i.UART_EnableInterrupts)
    UART_GetDefaultConfig                    0x100049f1   Thumb Code    62  fsl_uart.o(i.UART_GetDefaultConfig)
    UART_GetInstance                         0x10004a5d   Thumb Code    50  fsl_uart.o(i.UART_GetInstance)
    UART_Init                                0x10004ad5   Thumb Code   484  fsl_uart.o(i.UART_Init)
    UART_WriteBlocking                       0x10004d9d   Thumb Code    32  fsl_uart.o(i.UART_WriteBlocking)
    __0sprintf$6                             0x10004dbd   Thumb Code    34  printf6.o(i.__0sprintf$6)
    __1sprintf$6                             0x10004dbd   Thumb Code     0  printf6.o(i.__0sprintf$6)
    __2sprintf                               0x10004dbd   Thumb Code     0  printf6.o(i.__0sprintf$6)
    __aeabi_assert                           0x10004de5   Thumb Code    24  fsl_assert.o(i.__aeabi_assert)
    __scatterload_copy                       0x10004e29   Thumb Code    14  handlers.o(i.__scatterload_copy)
    __scatterload_null                       0x10004e37   Thumb Code     2  handlers.o(i.__scatterload_null)
    __scatterload_zeroinit                   0x10004e39   Thumb Code    14  handlers.o(i.__scatterload_zeroinit)
    data_init                                0x10005195   Thumb Code   374  system_init.o(i.data_init)
    delayms                                  0x10005329   Thumb Code    44  delay.o(i.delayms)
    main                                     0x10005355   Thumb Code    50  main.o(i.main)
    speed_output                             0x10005391   Thumb Code   400  pid.o(i.speed_output)
    system_init                              0x10005565   Thumb Code   448  system_init.o(i.system_init)
    system_run                               0x10005741   Thumb Code     8  system.o(i.system_run)
    F6x8                                     0x10005748   Data         552  lq_12864.o(.constdata)
    F14x16_Idx                               0x10005970   Data          55  lq_12864.o(.constdata)
    F14x16                                   0x100059a7   Data         756  lq_12864.o(.constdata)
    F8X16                                    0x10005c9b   Data        1520  lq_12864.o(.constdata)
    longqiu104x64                            0x1000628b   Data         832  lq_12864.o(.constdata)
    mcgConfig_BOARD_BootClockRUN             0x100065d0   Data          10  clock_config.o(.constdata)
    simConfig_BOARD_BootClockRUN             0x100065dc   Data           8  clock_config.o(.constdata)
    oscConfig_BOARD_BootClockRUN             0x100065e4   Data           8  clock_config.o(.constdata)
    mcgConfig_BOARD_BootClockVLPR            0x100065ec   Data          10  clock_config.o(.constdata)
    simConfig_BOARD_BootClockVLPR            0x100065f8   Data           8  clock_config.o(.constdata)
    oscConfig_BOARD_BootClockVLPR            0x10006600   Data           8  clock_config.o(.constdata)
    Region$$Table$$Base                      0x10006710   Number         0  anon$$obj.o(Region$$Table)
    Region$$Table$$Limit                     0x10006730   Number         0  anon$$obj.o(Region$$Table)
    count                                    0x20000000   Data           4  irq_handler.o(.data)
    GPIOX                                    0x20000004   Data          20  mkv58_gpio.o(.data)
    PORTX                                    0x20000018   Data          20  mkv58_gpio.o(.data)
    Level                                    0x2000002c   Data           4  zxl_adc.o(.data)
    Level_2                                  0x20000030   Data           4  zxl_adc.o(.data)
    Level_3                                  0x20000034   Data           4  zxl_adc.o(.data)
    enc1                                     0x20000038   Data           2  pid.o(.data)
    enc2                                     0x2000003a   Data           2  pid.o(.data)
    SystemCoreClock                          0x2000003c   Data           4  system_mkv58f24.o(.data)
    g_xtal0Freq                              0x20000048   Data           4  fsl_clock.o(.data)
    g_xtal32Freq                             0x2000004c   Data           4  fsl_clock.o(.data)
    g_dspiDummyData                          0x20000058   Data           3  fsl_dspi.o(.data)
    g_serialHandle                           0x2000008c   Data           4  fsl_debug_console.o(.data)
    __stdin                                  0x20000094   Data           4  fsl_debug_console.o(.data)
    Controlvar                               0x20000098   Data         316  system_init.o(.bss)
    g_ValueOfAD                              0x200001e4   Data          10  zxl_adc.o(.bss)
    txt                                      0x200001ee   Data          16  zxl_adc.o(.bss)
    Deviation                                0x20000200   Data          12  zxl_adc.o(.bss)
    last_Deviation                           0x2000020c   Data          60  zxl_adc.o(.bss)
    Deviation_d                              0x20000248   Data          12  zxl_adc.o(.bss)
    Limit                                    0x20000254   Data          20  zxl_adc.o(.bss)
    Normalized                               0x20000268   Data          20  zxl_adc.o(.bss)
    Bias                                     0x2000027c   Data          12  zxl_adc.o(.bss)
    Image$$ARM_LIB_HEAP$$ZI$$Base            0x20000354   Number         0  anon$$obj.o ABSOLUTE
    Image$$ARM_LIB_HEAP$$ZI$$Limit           0x20000754   Number         0  anon$$obj.o ABSOLUTE
    Image$$ARM_LIB_STACK$$ZI$$Limit          0x20020000   Number         0  anon$$obj.o ABSOLUTE



==============================================================================

Memory Map of the image

  Image Entry point : 0x10000411

  Load Region LR_m_text (Base: 0x10000000, Size: 0x000067c8, Max: 0x00100000, ABSOLUTE)

    Execution Region RW_m_data (Exec base: 0x00000004, Load base: 0x10006730, Size: 0x00000000, Max: 0x0000fffc, ABSOLUTE)

    **** No section assigned to this execution region ****


    Execution Region VECTOR_ROM (Exec base: 0x10000000, Load base: 0x10000000, Size: 0x00000400, Max: 0x00000400, ABSOLUTE)

    Exec Addr    Load Addr    Size         Type   Attr      Idx    E Section Name        Object

    0x10000000   0x10000000   0x00000400   Data   RO         6572    RESET               startup_mkv58f24.o


    Execution Region ER_m_flash_config (Exec base: 0x10000400, Load base: 0x10000400, Size: 0x00000010, Max: 0x00000010, ABSOLUTE, FIXED)

    Exec Addr    Load Addr    Size         Type   Attr      Idx    E Section Name        Object

    0x10000400   0x10000400   0x00000010   Data   RO         6573    FlashConfig         startup_mkv58f24.o


    Execution Region ER_m_text (Exec base: 0x10000410, Load base: 0x10000410, Size: 0x00006320, Max: 0x000ffbf0, ABSOLUTE)

    Exec Addr    Load Addr    Size         Type   Attr      Idx    E Section Name        Object

    0x10000410   0x10000410   0x00000000   Code   RO         6578  * .ARM.Collect$$$$00000000  mc_w.l(entry.o)
    0x10000410   0x10000410   0x00000004   Code   RO         6892    .ARM.Collect$$$$00000003  mc_w.l(entry4.o)
    0x10000414   0x10000414   0x00000004   Code   RO         6895    .ARM.Collect$$$$00000004  mc_w.l(entry5.o)
    0x10000418   0x10000418   0x00000000   Code   RO         6897    .ARM.Collect$$$$00000008  mc_w.l(entry7b.o)
    0x10000418   0x10000418   0x00000000   Code   RO         6899    .ARM.Collect$$$$0000000A  mc_w.l(entry8b.o)
    0x10000418   0x10000418   0x00000008   Code   RO         6900    .ARM.Collect$$$$0000000B  mc_w.l(entry9a.o)
    0x10000420   0x10000420   0x00000000   Code   RO         6902    .ARM.Collect$$$$0000000D  mc_w.l(entry10a.o)
    0x10000420   0x10000420   0x00000000   Code   RO         6904    .ARM.Collect$$$$0000000F  mc_w.l(entry11a.o)
    0x10000420   0x10000420   0x00000004   Code   RO         6893    .ARM.Collect$$$$00002714  mc_w.l(entry4.o)
    0x10000424   0x10000424   0x00000204   Code   RO         6574    .text               startup_mkv58f24.o
    0x10000628   0x10000628   0x00000024   Code   RO         6583    .text               mc_w.l(memseta.o)
    0x1000064c   0x1000064c   0x0000000e   Code   RO         6585    .text               mc_w.l(strlen.o)
    0x1000065a   0x1000065a   0x0000014e   Code   RO         6878    .text               mf_w.l(dadd.o)
    0x100007a8   0x100007a8   0x000000e4   Code   RO         6880    .text               mf_w.l(dmul.o)
    0x1000088c   0x1000088c   0x00000022   Code   RO         6884    .text               mf_w.l(dflti.o)
    0x100008ae   0x100008ae   0x0000003e   Code   RO         6888    .text               mf_w.l(dfixi.o)
    0x100008ec   0x100008ec   0x0000002c   Code   RO         6906    .text               mc_w.l(uidiv.o)
    0x10000918   0x10000918   0x0000001e   Code   RO         6910    .text               mc_w.l(llshl.o)
    0x10000936   0x10000936   0x00000020   Code   RO         6912    .text               mc_w.l(llushr.o)
    0x10000956   0x10000956   0x00000024   Code   RO         6914    .text               mc_w.l(llsshr.o)
    0x1000097a   0x1000097a   0x00000000   Code   RO         6918    .text               mc_w.l(iusefp.o)
    0x1000097a   0x1000097a   0x000000ba   Code   RO         6919    .text               mf_w.l(depilogue.o)
    0x10000a34   0x10000a34   0x00000024   Code   RO         6925    .text               mc_w.l(init.o)
    0x10000a58   0x10000a58   0x0000002c   Code   RO          628    i.ADC_Ave           mkv58_adc.o
    0x10000a84   0x10000a84   0x00000024   Code   RO          629    i.ADC_Init          mkv58_adc.o
    0x10000aa8   0x10000aa8   0x00000048   Code   RO          630    i.ADC_Mid           mkv58_adc.o
    0x10000af0   0x10000af0   0x00000034   Code   RO          631    i.ADC_Once          mkv58_adc.o
    0x10000b24   0x10000b24   0x00000024   Code   RO          632    i.ADC_Start         mkv58_adc.o
    0x10000b48   0x10000b48   0x000002b4   Code   RO          775    i.ADC_deal          zxl_adc.o
    0x10000dfc   0x10000dfc   0x00000160   Code   RO          776    i.ADC_get           zxl_adc.o
    0x10000f5c   0x10000f5c   0x000000a0   Code   RO         1030    i.BOARD_BootClockRUN  clock_config.o
    0x10000ffc   0x10000ffc   0x00000018   Code   RO          968    i.BOARD_InitDebugConsole  board.o
    0x10001014   0x10001014   0x00000048   Code   RO         1104    i.BOARD_InitPins    pin_mux.o
    0x1000105c   0x1000105c   0x00000068   Code   RO         3529    i.CAN0_DriverIRQHandler  fsl_flexcan.o
    0x100010c4   0x100010c4   0x00000068   Code   RO         3530    i.CAN1_DriverIRQHandler  fsl_flexcan.o
    0x1000112c   0x1000112c   0x00000068   Code   RO         3531    i.CAN2_DriverIRQHandler  fsl_flexcan.o
    0x10001194   0x10001194   0x00000074   Code   RO         1358    i.CLOCK_BootToPeeMode  fsl_clock.o
    0x10001208   0x10001208   0x00000014   Code   RO         1033    i.CLOCK_CONFIG_EnableTraceDivFrac  clock_config.o
    0x1000121c   0x1000121c   0x00000014   Code   RO         1034    i.CLOCK_CONFIG_SetFllExtRefDiv  clock_config.o
    0x10001230   0x10001230   0x00000014   Code   RO         1035    i.CLOCK_CONFIG_SetRmii0Clock  clock_config.o
    0x10001244   0x10001244   0x00000010   Code   RO         1036    i.CLOCK_CONFIG_SetSimSafeDivs  clock_config.o
    0x10001254   0x10001254   0x00000018   Code   RO         1037    i.CLOCK_CONFIG_SetWdogClock  clock_config.o
    0x1000126c   0x1000126c   0x00000018   Code   RO         1105    i.CLOCK_EnableClock  pin_mux.o
    0x10001284   0x10001284   0x00000080   Code   RO         1362    i.CLOCK_EnablePll0  fsl_clock.o
    0x10001304   0x10001304   0x0000001c   Code   RO         1365    i.CLOCK_GetBusClkFreq  fsl_clock.o
    0x10001320   0x10001320   0x0000003c   Code   RO         1367    i.CLOCK_GetEr32kClkFreq  fsl_clock.o
    0x1000135c   0x1000135c   0x0000001c   Code   RO         1368    i.CLOCK_GetFastPeriphClkFreq  fsl_clock.o
    0x10001378   0x10001378   0x0000001c   Code   RO         1369    i.CLOCK_GetFixedFreqClkFreq  fsl_clock.o
    0x10001394   0x10001394   0x00000060   Code   RO         1372    i.CLOCK_GetFllExtRefClkFreq  fsl_clock.o
    0x100013f4   0x100013f4   0x0000004c   Code   RO         1373    i.CLOCK_GetFllFreq  fsl_clock.o
    0x10001440   0x10001440   0x00000020   Code   RO         1374    i.CLOCK_GetFllRefClkFreq  fsl_clock.o
    0x10001460   0x10001460   0x000000c8   Code   RO         1375    i.CLOCK_GetFreq     fsl_clock.o
    0x10001528   0x10001528   0x0000001c   Code   RO         1376    i.CLOCK_GetInternalRefClkFreq  fsl_clock.o
    0x10001544   0x10001544   0x0000002c   Code   RO         1377    i.CLOCK_GetInternalRefClkSelectFreq  fsl_clock.o
    0x10001570   0x10001570   0x00000050   Code   RO         1378    i.CLOCK_GetMcgExtClkFreq  fsl_clock.o
    0x100015c0   0x100015c0   0x0000006c   Code   RO         1380    i.CLOCK_GetOsc0ErClkDivFreq  fsl_clock.o
    0x1000162c   0x1000162c   0x00000064   Code   RO         1382    i.CLOCK_GetOsc0ErClkUndivFreq  fsl_clock.o
    0x10001690   0x10001690   0x00000020   Code   RO         1383    i.CLOCK_GetOscRangeFromFreq  fsl_clock.o
    0x100016b0   0x100016b0   0x0000003c   Code   RO         1384    i.CLOCK_GetOutClkFreq  fsl_clock.o
    0x100016ec   0x100016ec   0x0000007c   Code   RO         1385    i.CLOCK_GetPll0Freq  fsl_clock.o
    0x10001768   0x10001768   0x00000008   Code   RO         1386    i.CLOCK_GetPll0RefFreq  fsl_clock.o
    0x10001770   0x10001770   0x0000002c   Code   RO         1387    i.CLOCK_GetPllFllSelClkFreq  fsl_clock.o
    0x1000179c   0x1000179c   0x00000074   Code   RO         1389    i.CLOCK_InitOsc0    fsl_clock.o
    0x10001810   0x10001810   0x00000006   Code   RO         1393    i.CLOCK_SetExternalRefClkConfig  fsl_clock.o
    0x10001816   0x10001816   0x00000002   PAD
    0x10001818   0x10001818   0x00000098   Code   RO         1398    i.CLOCK_SetInternalRefClkConfig  fsl_clock.o
    0x100018b0   0x100018b0   0x000000ac   Code   RO         1401    i.CLOCK_SetPbeMode  fsl_clock.o
    0x1000195c   0x1000195c   0x00000030   Code   RO         1404    i.CLOCK_SetSimConfig  fsl_clock.o
    0x1000198c   0x1000198c   0x000000a8   Code   RO         6098    i.ConvertRadixNumToString  fsl_str.o
    0x10001a34   0x10001a34   0x00000038   Code   RO         2493    i.DMA0_DMA16_DriverIRQHandler  fsl_edma.o
    0x10001a6c   0x10001a6c   0x00000038   Code   RO         2495    i.DMA10_DMA26_DriverIRQHandler  fsl_edma.o
    0x10001aa4   0x10001aa4   0x00000038   Code   RO         2497    i.DMA11_DMA27_DriverIRQHandler  fsl_edma.o
    0x10001adc   0x10001adc   0x00000038   Code   RO         2499    i.DMA12_DMA28_DriverIRQHandler  fsl_edma.o
    0x10001b14   0x10001b14   0x00000038   Code   RO         2501    i.DMA13_DMA29_DriverIRQHandler  fsl_edma.o
    0x10001b4c   0x10001b4c   0x00000038   Code   RO         2503    i.DMA14_DMA30_DriverIRQHandler  fsl_edma.o
    0x10001b84   0x10001b84   0x00000038   Code   RO         2505    i.DMA15_DMA31_DriverIRQHandler  fsl_edma.o
    0x10001bbc   0x10001bbc   0x00000038   Code   RO         2511    i.DMA1_DMA17_DriverIRQHandler  fsl_edma.o
    0x10001bf4   0x10001bf4   0x00000038   Code   RO         2523    i.DMA2_DMA18_DriverIRQHandler  fsl_edma.o
    0x10001c2c   0x10001c2c   0x00000038   Code   RO         2527    i.DMA3_DMA19_DriverIRQHandler  fsl_edma.o
    0x10001c64   0x10001c64   0x00000038   Code   RO         2529    i.DMA4_DMA20_DriverIRQHandler  fsl_edma.o
    0x10001c9c   0x10001c9c   0x00000038   Code   RO         2531    i.DMA5_DMA21_DriverIRQHandler  fsl_edma.o
    0x10001cd4   0x10001cd4   0x00000038   Code   RO         2533    i.DMA6_DMA22_DriverIRQHandler  fsl_edma.o
    0x10001d0c   0x10001d0c   0x00000038   Code   RO         2535    i.DMA7_DMA23_DriverIRQHandler  fsl_edma.o
    0x10001d44   0x10001d44   0x00000038   Code   RO         2537    i.DMA8_DMA24_DriverIRQHandler  fsl_edma.o
    0x10001d7c   0x10001d7c   0x00000038   Code   RO         2539    i.DMA9_DMA25_DriverIRQHandler  fsl_edma.o
    0x10001db4   0x10001db4   0x00000030   Code   RO         2021    i.DSPI_CommonIRQHandler  fsl_dspi.o
    0x10001de4   0x10001de4   0x00000008   Code   RO         2030    i.DSPI_IsMaster     fsl_dspi.o
    0x10001dec   0x10001dec   0x00000128   Code   RO         6160    i.DbgConsole_Init   fsl_debug_console.o
    0x10001f14   0x10001f14   0x0000003e   Code   RO         6161    i.DbgConsole_PrintCallback  fsl_debug_console.o
    0x10001f52   0x10001f52   0x00000002   PAD
    0x10001f54   0x10001f54   0x00000040   Code   RO         6162    i.DbgConsole_Printf  fsl_debug_console.o
    0x10001f94   0x10001f94   0x0000009c   Code   RO         6168    i.DbgConsole_SendData  fsl_debug_console.o
    0x10002030   0x10002030   0x00000098   Code   RO         2548    i.EDMA_GetChannelStatusFlags  fsl_edma.o
    0x100020c8   0x100020c8   0x00000108   Code   RO         2552    i.EDMA_HandleIRQ    fsl_edma.o
    0x100021d0   0x100021d0   0x0000001c   Code   RO         3215    i.ENET_1588_Timer_IRQHandler  fsl_enet.o
    0x100021ec   0x100021ec   0x0000001c   Code   RO         3222    i.ENET_Error_IRQHandler  fsl_enet.o
    0x10002208   0x10002208   0x0000001c   Code   RO         3232    i.ENET_Receive_IRQHandler  fsl_enet.o
    0x10002224   0x10002224   0x0000001c   Code   RO         3245    i.ENET_Transmit_IRQHandler  fsl_enet.o
    0x10002240   0x10002240   0x0000000c   Code   RO          676    i.FTM_ABGet         mkv58_ftm.o
    0x1000224c   0x1000224c   0x00000042   Code   RO          677    i.FTM_ABInit        mkv58_ftm.o
    0x1000228e   0x1000228e   0x00000002   PAD
    0x10002290   0x10002290   0x00000040   Code   RO          678    i.FTM_GetNum        mkv58_ftm.o
    0x100022d0   0x100022d0   0x000001c0   Code   RO          679    i.FTM_PinInit       mkv58_ftm.o
    0x10002490   0x10002490   0x00000034   Code   RO          680    i.FTM_PwmDuty       mkv58_ftm.o
    0x100024c4   0x100024c4   0x000000ac   Code   RO          681    i.FTM_PwmInit       mkv58_ftm.o
    0x10002570   0x10002570   0x00000074   Code   RO         4386    i.GPIO_PinInit      fsl_gpio.o
    0x100025e4   0x100025e4   0x000000d0   Code   RO          224    i.GPIO_Pin_Init     mkv58_gpio.o
    0x100026b4   0x100026b4   0x0000001c   Code   RO          225    i.GPIO_Pin_Read     mkv58_gpio.o
    0x100026d0   0x100026d0   0x00000040   Code   RO          228    i.GPIO_Pin_Write    mkv58_gpio.o
    0x10002710   0x10002710   0x0000000e   Code   RO         6274    i.HAL_UartGetStatus  uart_adapter.o
    0x1000271e   0x1000271e   0x00000002   PAD
    0x10002720   0x10002720   0x00000148   Code   RO         6275    i.HAL_UartInit      uart_adapter.o
    0x10002868   0x10002868   0x000000a0   Code   RO         6277    i.HAL_UartSendBlocking  uart_adapter.o
    0x10002908   0x10002908   0x00000018   Code   RO         4582    i.I2C0_DriverIRQHandler  fsl_i2c.o
    0x10002920   0x10002920   0x00000018   Code   RO         4583    i.I2C1_DriverIRQHandler  fsl_i2c.o
    0x10002938   0x10002938   0x00000048   Code   RO         4619    i.I2C_TransferCommonIRQHandler  fsl_i2c.o
    0x10002980   0x10002980   0x00000170   Code   RO          733    i.OLED              system.o
    0x10002af0   0x10002af0   0x00000038   Code   RO          339    i.OLED_CLS          lq_12864.o
    0x10002b28   0x10002b28   0x00000018   Code   RO          341    i.OLED_DLY_ms       lq_12864.o
    0x10002b40   0x10002b40   0x0000003a   Code   RO          342    i.OLED_Fill         lq_12864.o
    0x10002b7a   0x10002b7a   0x00000002   PAD
    0x10002b7c   0x10002b7c   0x00000174   Code   RO          343    i.OLED_Init         lq_12864.o
    0x10002cf0   0x10002cf0   0x00000064   Code   RO          345    i.OLED_P6x8Str      lq_12864.o
    0x10002d54   0x10002d54   0x00000088   Code   RO          346    i.OLED_P8x16Str     lq_12864.o
    0x10002ddc   0x10002ddc   0x00000024   Code   RO          352    i.OLED_Set_Pos      lq_12864.o
    0x10002e00   0x10002e00   0x0000008c   Code   RO          357    i.OLED_WrCmd        lq_12864.o
    0x10002e8c   0x10002e8c   0x00000090   Code   RO          358    i.OLED_WrDat        lq_12864.o
    0x10002f1c   0x10002f1c   0x00000260   Code   RO          866    i.PID_left          pid.o
    0x1000317c   0x1000317c   0x00000264   Code   RO          867    i.PID_right         pid.o
    0x100033e0   0x100033e0   0x000002c0   Code   RO            6    i.PIT0_IRQHandler   irq_handler.o
    0x100036a0   0x100036a0   0x0000006c   Code   RO          815    i.PIT_Init          mkv58_pit.o
    0x1000370c   0x1000370c   0x0000000e   Code   RO          359    i.PORT_SetPinMux    lq_12864.o
    0x1000371a   0x1000371a   0x0000000e   Code   RO          496    i.PORT_SetPinMux    lq_uart.o
    0x10003728   0x10003728   0x0000000e   Code   RO         1106    i.PORT_SetPinMux    pin_mux.o
    0x10003736   0x10003736   0x00000002   PAD
    0x10003738   0x10003738   0x0000030c   Code   RO          914    i.Roundabout        round.o
    0x10003a44   0x10003a44   0x0000009c   Code   RO         1148    i.SCB_EnableDCache  system_mkv58f24.o
    0x10003ae0   0x10003ae0   0x0000007c   Code   RO         1149    i.SCB_EnableICache  system_mkv58f24.o
    0x10003b5c   0x10003b5c   0x00000060   Code   RO         2067    i.SPI0_DriverIRQHandler  fsl_dspi.o
    0x10003bbc   0x10003bbc   0x00000060   Code   RO         2068    i.SPI1_DriverIRQHandler  fsl_dspi.o
    0x10003c1c   0x10003c1c   0x00000060   Code   RO         2069    i.SPI2_DriverIRQHandler  fsl_dspi.o
    0x10003c7c   0x10003c7c   0x000000b0   Code   RO         6334    i.SerialManager_Init  serial_manager.o
    0x10003d2c   0x10003d2c   0x0000009c   Code   RO         6335    i.SerialManager_OpenReadHandle  serial_manager.o
    0x10003dc8   0x10003dc8   0x00000098   Code   RO         6336    i.SerialManager_OpenWriteHandle  serial_manager.o
    0x10003e60   0x10003e60   0x00000032   Code   RO         6340    i.SerialManager_StartWriting  serial_manager.o
    0x10003e92   0x10003e92   0x00000002   PAD
    0x10003e94   0x10003e94   0x000000c0   Code   RO         6341    i.SerialManager_Write  serial_manager.o
    0x10003f54   0x10003f54   0x00000014   Code   RO         6342    i.SerialManager_WriteBlocking  serial_manager.o
    0x10003f68   0x10003f68   0x000000c4   Code   RO         6428    i.Serial_UartInit   serial_port_uart.o
    0x1000402c   0x1000402c   0x000000a8   Code   RO         6430    i.Serial_UartWrite  serial_port_uart.o
    0x100040d4   0x100040d4   0x00000154   Code   RO          734    i.Speed_set_up      system.o
    0x10004228   0x10004228   0x00000214   Code   RO          735    i.Steer             system.o
    0x1000443c   0x1000443c   0x000000c8   Code   RO          868    i.Steer_PD          pid.o
    0x10004504   0x10004504   0x0000022e   Code   RO         6100    i.StrFormatPrintf   fsl_str.o
    0x10004732   0x10004732   0x00000002   PAD
    0x10004734   0x10004734   0x00000064   Code   RO          939    i.Straight          element.o
    0x10004798   0x10004798   0x00000038   Code   RO         1151    i.SystemInit        system_mkv58f24.o
    0x100047d0   0x100047d0   0x00000002   Code   RO         1152    i.SystemInitHook    system_mkv58f24.o
    0x100047d2   0x100047d2   0x00000002   PAD
    0x100047d4   0x100047d4   0x0000001c   Code   RO         5539    i.UART0_DriverIRQHandler  fsl_uart.o
    0x100047f0   0x100047f0   0x00000008   Code   RO         5540    i.UART0_RX_TX_DriverIRQHandler  fsl_uart.o
    0x100047f8   0x100047f8   0x0000001c   Code   RO         5541    i.UART1_DriverIRQHandler  fsl_uart.o
    0x10004814   0x10004814   0x00000008   Code   RO         5542    i.UART1_RX_TX_DriverIRQHandler  fsl_uart.o
    0x1000481c   0x1000481c   0x0000001c   Code   RO         5543    i.UART2_DriverIRQHandler  fsl_uart.o
    0x10004838   0x10004838   0x00000008   Code   RO         5544    i.UART2_RX_TX_DriverIRQHandler  fsl_uart.o
    0x10004840   0x10004840   0x0000001c   Code   RO         5545    i.UART3_DriverIRQHandler  fsl_uart.o
    0x1000485c   0x1000485c   0x00000008   Code   RO         5546    i.UART3_RX_TX_DriverIRQHandler  fsl_uart.o
    0x10004864   0x10004864   0x0000001c   Code   RO         5547    i.UART4_DriverIRQHandler  fsl_uart.o
    0x10004880   0x10004880   0x0000011c   Code   RO          497    i.UART4_Init        lq_uart.o
    0x1000499c   0x1000499c   0x00000008   Code   RO         5548    i.UART4_RX_TX_DriverIRQHandler  fsl_uart.o
    0x100049a4   0x100049a4   0x0000001c   Code   RO         5549    i.UART5_DriverIRQHandler  fsl_uart.o
    0x100049c0   0x100049c0   0x00000008   Code   RO         5550    i.UART5_RX_TX_DriverIRQHandler  fsl_uart.o
    0x100049c8   0x100049c8   0x00000028   Code   RO         5554    i.UART_EnableInterrupts  fsl_uart.o
    0x100049f0   0x100049f0   0x0000006c   Code   RO         5555    i.UART_GetDefaultConfig  fsl_uart.o
    0x10004a5c   0x10004a5c   0x00000078   Code   RO         5557    i.UART_GetInstance  fsl_uart.o
    0x10004ad4   0x10004ad4   0x000002c8   Code   RO         5559    i.UART_Init         fsl_uart.o
    0x10004d9c   0x10004d9c   0x00000020   Code   RO         5576    i.UART_WriteBlocking  fsl_uart.o
    0x10004dbc   0x10004dbc   0x00000028   Code   RO         6746    i.__0sprintf$6      mc_w.l(printf6.o)
    0x10004de4   0x10004de4   0x00000044   Code   RO         6074    i.__aeabi_assert    fsl_assert.o
    0x10004e28   0x10004e28   0x0000000e   Code   RO         6929    i.__scatterload_copy  mc_w.l(handlers.o)
    0x10004e36   0x10004e36   0x00000002   Code   RO         6930    i.__scatterload_null  mc_w.l(handlers.o)
    0x10004e38   0x10004e38   0x0000000e   Code   RO         6931    i.__scatterload_zeroinit  mc_w.l(handlers.o)
    0x10004e46   0x10004e46   0x00000002   PAD
    0x10004e48   0x10004e48   0x000002f0   Code   RO         6751    i._printf_core      mc_w.l(printf6.o)
    0x10005138   0x10005138   0x00000024   Code   RO         6752    i._printf_post_padding  mc_w.l(printf6.o)
    0x1000515c   0x1000515c   0x0000002e   Code   RO         6753    i._printf_pre_padding  mc_w.l(printf6.o)
    0x1000518a   0x1000518a   0x0000000a   Code   RO         6755    i._sputc            mc_w.l(printf6.o)
    0x10005194   0x10005194   0x00000194   Code   RO          592    i.data_init         system_init.o
    0x10005328   0x10005328   0x0000002c   Code   RO          309    i.delayms           delay.o
    0x10005354   0x10005354   0x0000003c   Code   RO          192    i.main              main.o
    0x10005390   0x10005390   0x000001d4   Code   RO          869    i.speed_output      pid.o
    0x10005564   0x10005564   0x000001dc   Code   RO          593    i.system_init       system_init.o
    0x10005740   0x10005740   0x00000008   Code   RO          736    i.system_run        system.o
    0x10005748   0x10005748   0x00000e86   Data   RO          360    .constdata          lq_12864.o
    0x100065ce   0x100065ce   0x00000002   PAD
    0x100065d0   0x100065d0   0x00000038   Data   RO         1038    .constdata          clock_config.o
    0x10006608   0x10006608   0x00000060   Data   RO         1406    .constdata          fsl_clock.o
    0x10006668   0x10006668   0x00000038   Data   RO         5579    .constdata          fsl_uart.o
    0x100066a0   0x100066a0   0x00000010   Data   RO         6172    .constdata          fsl_debug_console.o
    0x100066b0   0x100066b0   0x00000018   Data   RO         6278    .constdata          uart_adapter.o
    0x100066c8   0x100066c8   0x00000045   Data   RO         6279    .conststring        uart_adapter.o
    0x1000670d   0x1000670d   0x00000003   PAD
    0x10006710   0x10006710   0x00000020   Data   RO         6927    Region$$Table       anon$$obj.o


    Execution Region RW_m_data_2 (Exec base: 0x20000000, Load base: 0x10006730, Size: 0x00000354, Max: 0x0001f800, ABSOLUTE)

    Exec Addr    Load Addr    Size         Type   Attr      Idx    E Section Name        Object

    0x20000000   0x10006730   0x00000004   Data   RW            7    .data               irq_handler.o
    0x20000004   0x10006734   0x00000028   Data   RW          229    .data               mkv58_gpio.o
    0x2000002c   0x1000675c   0x0000000c   Data   RW          778    .data               zxl_adc.o
    0x20000038   0x10006768   0x00000004   Data   RW          870    .data               pid.o
    0x2000003c   0x1000676c   0x00000004   Data   RW         1153    .data               system_mkv58f24.o
    0x20000040   0x10006770   0x00000010   Data   RW         1407    .data               fsl_clock.o
    0x20000050   0x10006780   0x0000000b   Data   RW         2072    .data               fsl_dspi.o
    0x2000005b   0x1000678b   0x00000001   PAD
    0x2000005c   0x1000678c   0x00000014   Data   RW         3250    .data               fsl_enet.o
    0x20000070   0x100067a0   0x00000004   Data   RW         3574    .data               fsl_flexcan.o
    0x20000074   0x100067a4   0x00000010   Data   RW         4621    .data               fsl_i2c.o
    0x20000084   0x100067b4   0x00000004   Data   RW         5580    .data               fsl_uart.o
    0x20000088   0x100067b8   0x00000010   Data   RW         6173    .data               fsl_debug_console.o
    0x20000098        -       0x0000013c   Zero   RW          594    .bss                system_init.o
    0x200001d4        -       0x00000010   Zero   RW          682    .bss                mkv58_ftm.o
    0x200001e4        -       0x000000a4   Zero   RW          777    .bss                zxl_adc.o
    0x20000288        -       0x0000000c   Zero   RW         2070    .bss                fsl_dspi.o
    0x20000294        -       0x00000080   Zero   RW         2576    .bss                fsl_edma.o
    0x20000314        -       0x0000000c   Zero   RW         3571    .bss                fsl_flexcan.o
    0x20000320        -       0x00000018   Zero   RW         5578    .bss                fsl_uart.o
    0x20000338        -       0x0000001c   Zero   RW         6171    .bss                fsl_debug_console.o


    Execution Region ARM_LIB_HEAP (Exec base: 0x20000354, Load base: 0x100067c8, Size: 0x00000400, Max: 0x00000400, ABSOLUTE)

    Exec Addr    Load Addr    Size         Type   Attr      Idx    E Section Name        Object

    0x20000354        -       0x00000400   Zero   RW            1    ARM_LIB_HEAP.bss    anon$$obj.o


    Execution Region ARM_LIB_STACK (Exec base: 0x2001fc00, Load base: 0x100067c8, Size: 0x00000400, Max: 0x00000400, ABSOLUTE)

    Exec Addr    Load Addr    Size         Type   Attr      Idx    E Section Name        Object

    0x2001fc00        -       0x00000400   Zero   RW            2    ARM_LIB_STACK.bss   anon$$obj.o


==============================================================================

Image component sizes


      Code (inc. data)   RO Data    RW Data    ZI Data      Debug   Object Name

        24          0          0          0          0       8661   board.o
       260         64         56          0          0      12347   clock_config.o
        44          0          0          0          0        874   delay.o
       100          8          0          0          0        515   element.o
         0          0          0          0          0       7543   fsl_adc16.o
        68         44          0          0          0        697   fsl_assert.o
      1914        498         96         16          0      28816   fsl_clock.o
       578        208         16         16         28       7693   fsl_debug_console.o
       344        196          0         11         12      15338   fsl_dspi.o
      1312        264          0          0        128      16528   fsl_edma.o
       112         48          0         20          0      15992   fsl_enet.o
       312        204          0          4         12      11404   fsl_flexcan.o
       116         44          0          0          0       2095   fsl_gpio.o
       120         30          0         16          0       5957   fsl_i2c.o
       726          0          0          0          0       5294   fsl_str.o
      1228        420         56          4         24      20236   fsl_uart.o
       704         24          0          4          0     609294   irq_handler.o
      1080         38       3718          0          0      17633   lq_12864.o
       298         24          0          0          0      41475   lq_uart.o
        60         10          0          0          0      35510   main.o
       240         16          0          0          0       3266   mkv58_adc.o
       814         68          0          0         16       5305   mkv58_ftm.o
       300         20          0         40          0     599183   mkv58_gpio.o
       108         14          0          0          0        635   mkv58_pit.o
      1888        178          0          4          0       3725   pid.o
       110         16          0          0          0      11760   pin_mux.o
       780         10          0          0          0        993   round.o
       746        360          0          0          0       5998   serial_manager.o
       364        188          0          0          0       3761   serial_port_uart.o
       516        246       1040          0          0       3784   startup_mkv58f24.o
      1248        152          0          0          0       2595   system.o
       880         58          0          0        316       3947   system_init.o
       338         24          0          4          0      37295   system_mkv58f24.o
       502        186         93          0          0       7806   uart_adapter.o
      1044         50          0         12        164       2580   zxl_adc.o

    ----------------------------------------------------------------------
     19296       3710       5112        152       2748    1556535   Object Totals
         0          0         32          0       2048          0   (incl. Generated)
        18          0          5          1          0          0   (incl. Padding)

    ----------------------------------------------------------------------

      Code (inc. data)   RO Data    RW Data    ZI Data      Debug   Library Member Name

         0          0          0          0          0          0   entry.o
         0          0          0          0          0          0   entry10a.o
         0          0          0          0          0          0   entry11a.o
         8          4          0          0          0          0   entry4.o
         4          0          0          0          0          0   entry5.o
         0          0          0          0          0          0   entry7b.o
         0          0          0          0          0          0   entry8b.o
         8          4          0          0          0          0   entry9a.o
        30          0          0          0          0          0   handlers.o
        36          8          0          0          0         68   init.o
         0          0          0          0          0          0   iusefp.o
        30          0          0          0          0         68   llshl.o
        36          0          0          0          0         68   llsshr.o
        32          0          0          0          0         68   llushr.o
        36          0          0          0          0        108   memseta.o
       884         10          0          0          0        420   printf6.o
        14          0          0          0          0         68   strlen.o
        44          0          0          0          0         80   uidiv.o
       334          0          0          0          0        148   dadd.o
       186          0          0          0          0        176   depilogue.o
        62          0          0          0          0         80   dfixi.o
        34          0          0          0          0         76   dflti.o
       228          0          0          0          0         96   dmul.o

    ----------------------------------------------------------------------
      2008         26          0          0          0       1524   Library Totals
         2          0          0          0          0          0   (incl. Padding)

    ----------------------------------------------------------------------

      Code (inc. data)   RO Data    RW Data    ZI Data      Debug   Library Name

      1162         26          0          0          0        948   mc_w.l
       844          0          0          0          0        576   mf_w.l

    ----------------------------------------------------------------------
      2008         26          0          0          0       1524   Library Totals

    ----------------------------------------------------------------------

==============================================================================


      Code (inc. data)   RO Data    RW Data    ZI Data      Debug   

     21304       3736       5112        152       2748    1543035   Grand Totals
     21304       3736       5112        152       2748    1543035   ELF Image Totals
     21304       3736       5112        152          0          0   ROM Totals

==============================================================================

    Total RO  Size (Code + RO Data)                26416 (  25.80kB)
    Total RW  Size (RW Data + ZI Data)              2900 (   2.83kB)
    Total ROM Size (Code + RO Data + RW Data)      26568 (  25.95kB)

==============================================================================

