<html>
<body>
<pre>
<h1>礦ision Build Log</h1>
<h2>Tool Versions:</h2>
IDE-Version: μVision V5.25.3.0
Copyright (C) 2018 ARM Ltd and ARM Germany GmbH. All rights reserved.
License Information: zxl 17679499134@163.com, zxl, LIC=6XJCX-HRM1B-IK0B7-ERBTG-C8LHZ-29FWU
 
Tool Versions:
Toolchain:       MDK-ARM Professional  Version: 5.18
Toolchain Path:  D:\KEIL5  MDK\ARM\ARMCC\Bin
C Compiler:      Armcc.exe V5.06 update 1 (build 61)
Assembler:       Armasm.exe V5.06 update 1 (build 61)
Linker/Locator:  ArmLink.exe V5.06 update 1 (build 61)
Library Manager: ArmAr.exe V5.06 update 1 (build 61)
Hex Converter:   FromElf.exe V5.06 update 1 (build 61)
CPU DLL:         SARMCM3.DLL V5.18
Dialog DLL:      DCM.DLL V1.13.6.0
Target DLL:      Segger\JL2CM3.dll V2.99.18.0
Dialog DLL:      TCM.DLL V1.14.8.0
 
<h2>Project:</h2>
D:\桌面\飞卡程序\3、调试程序\调试程序22--环岛新方案\Project\mdk\pflash.uvprojx
Project File Date:  08/02/2020

<h2>Output:</h2>
*** Using Compiler 'V5.06 update 1 (build 61)', folder: 'D:\KEIL5  MDK\ARM\ARMCC\Bin'
Build target 'pflash debug'
compiling system_init.c...
linking...
Program Size: Code=21304 RO-data=5112 RW-data=152 ZI-data=2748  
"debug\pflash.out" - 0 Error(s), 0 Warning(s).

<h2>Software Packages used:</h2>

Package Vendor: Keil
                http://www.keil.com/pack/Keil.Kinetis_KVxx_DFP.1.6.0.pack
                Keil.Kinetis_KVxx_DFP.1.6.0
                Freescale Kinetis KVxx Series Device Support

<h2>Collection of Component include folders:</h2>
  .\RTE\_pflash_debug
  D:\KEIL5  MDK\ARM\PACK\Keil\Kinetis_KVxx_DFP\1.6.0\Device\Include

<h2>Collection of Component Files used:</h2>
Build Time Elapsed:  00:00:06
</pre>
</body>
</html>
